Archive member included to satisfy reference by file (symbol)

d:/program files/gnu arm embedded toolchain/10 2021.10/bin/../lib/gcc/arm-none-eabi/10.3.1/thumb/v6-m/nofp\libgcc.a(_dvmd_tls.o)
                              CMakeFiles/full_pico_smart_light.dir/D_/Repositories/pico/pico-sdk/src/rp2_common/pico_divider/divider_hardware.S.obj (__aeabi_idiv0)
d:/program files/gnu arm embedded toolchain/10 2021.10/bin/../lib/gcc/arm-none-eabi/10.3.1/../../../../arm-none-eabi/lib/thumb/v6-m/nofp\libg.a(lib_a-calloc.o)
                              CMakeFiles/full_pico_smart_light.dir/D_/Repositories/pico/pico-sdk/src/rp2_common/pico_malloc/malloc.c.obj (calloc)
d:/program files/gnu arm embedded toolchain/10 2021.10/bin/../lib/gcc/arm-none-eabi/10.3.1/../../../../arm-none-eabi/lib/thumb/v6-m/nofp\libg.a(lib_a-callocr.o)
                              d:/program files/gnu arm embedded toolchain/10 2021.10/bin/../lib/gcc/arm-none-eabi/10.3.1/../../../../arm-none-eabi/lib/thumb/v6-m/nofp\libg.a(lib_a-calloc.o) (_calloc_r)
d:/program files/gnu arm embedded toolchain/10 2021.10/bin/../lib/gcc/arm-none-eabi/10.3.1/../../../../arm-none-eabi/lib/thumb/v6-m/nofp\libg.a(lib_a-errno.o)
                              d:/program files/gnu arm embedded toolchain/10 2021.10/bin/../lib/gcc/arm-none-eabi/10.3.1/../../../../arm-none-eabi/lib/thumb/v6-m/nofp\libg.a(lib_a-callocr.o) (__errno)
d:/program files/gnu arm embedded toolchain/10 2021.10/bin/../lib/gcc/arm-none-eabi/10.3.1/../../../../arm-none-eabi/lib/thumb/v6-m/nofp\libg.a(lib_a-impure.o)
                              d:/program files/gnu arm embedded toolchain/10 2021.10/bin/../lib/gcc/arm-none-eabi/10.3.1/../../../../arm-none-eabi/lib/thumb/v6-m/nofp\libg.a(lib_a-calloc.o) (_impure_ptr)
d:/program files/gnu arm embedded toolchain/10 2021.10/bin/../lib/gcc/arm-none-eabi/10.3.1/../../../../arm-none-eabi/lib/thumb/v6-m/nofp\libg.a(lib_a-init.o)
                              d:/program files/gnu arm embedded toolchain/10 2021.10/bin/../lib/gcc/arm-none-eabi/10.3.1/../../../../arm-none-eabi/lib/thumb/v6-m/nofp/crt0.o (__libc_init_array)
d:/program files/gnu arm embedded toolchain/10 2021.10/bin/../lib/gcc/arm-none-eabi/10.3.1/../../../../arm-none-eabi/lib/thumb/v6-m/nofp\libg.a(lib_a-lcltime_r.o)
                              CMakeFiles/full_pico_smart_light.dir/D_/Repositories/pico/pico-sdk/src/common/pico_util/datetime.c.obj (localtime_r)
d:/program files/gnu arm embedded toolchain/10 2021.10/bin/../lib/gcc/arm-none-eabi/10.3.1/../../../../arm-none-eabi/lib/thumb/v6-m/nofp\libg.a(lib_a-malloc.o)
                              CMakeFiles/full_pico_smart_light.dir/D_/Repositories/pico/pico-sdk/src/rp2_common/pico_malloc/malloc.c.obj (malloc)
d:/program files/gnu arm embedded toolchain/10 2021.10/bin/../lib/gcc/arm-none-eabi/10.3.1/../../../../arm-none-eabi/lib/thumb/v6-m/nofp\libg.a(lib_a-mallocr.o)
                              d:/program files/gnu arm embedded toolchain/10 2021.10/bin/../lib/gcc/arm-none-eabi/10.3.1/../../../../arm-none-eabi/lib/thumb/v6-m/nofp\libg.a(lib_a-callocr.o) (_malloc_r)
d:/program files/gnu arm embedded toolchain/10 2021.10/bin/../lib/gcc/arm-none-eabi/10.3.1/../../../../arm-none-eabi/lib/thumb/v6-m/nofp\libg.a(lib_a-memcmp.o)
                              CMakeFiles/full_pico_smart_light.dir/D_/Repositories/pico/pico-sdk/src/rp2_common/pico_atomic/atomic.c.obj (memcmp)
d:/program files/gnu arm embedded toolchain/10 2021.10/bin/../lib/gcc/arm-none-eabi/10.3.1/../../../../arm-none-eabi/lib/thumb/v6-m/nofp\libg.a(lib_a-mktime.o)
                              CMakeFiles/full_pico_smart_light.dir/D_/Repositories/pico/pico-sdk/src/common/pico_util/datetime.c.obj (mktime)
d:/program files/gnu arm embedded toolchain/10 2021.10/bin/../lib/gcc/arm-none-eabi/10.3.1/../../../../arm-none-eabi/lib/thumb/v6-m/nofp\libg.a(lib_a-mlock.o)
                              d:/program files/gnu arm embedded toolchain/10 2021.10/bin/../lib/gcc/arm-none-eabi/10.3.1/../../../../arm-none-eabi/lib/thumb/v6-m/nofp\libg.a(lib_a-mallocr.o) (__malloc_lock)
d:/program files/gnu arm embedded toolchain/10 2021.10/bin/../lib/gcc/arm-none-eabi/10.3.1/../../../../arm-none-eabi/lib/thumb/v6-m/nofp\libg.a(lib_a-month_lengths.o)
                              d:/program files/gnu arm embedded toolchain/10 2021.10/bin/../lib/gcc/arm-none-eabi/10.3.1/../../../../arm-none-eabi/lib/thumb/v6-m/nofp\libg.a(lib_a-lcltime_r.o) (__month_lengths)
d:/program files/gnu arm embedded toolchain/10 2021.10/bin/../lib/gcc/arm-none-eabi/10.3.1/../../../../arm-none-eabi/lib/thumb/v6-m/nofp\libg.a(lib_a-rand.o)
                              CMakeFiles/full_pico_smart_light.dir/src/LedController.cpp.obj (rand)
d:/program files/gnu arm embedded toolchain/10 2021.10/bin/../lib/gcc/arm-none-eabi/10.3.1/../../../../arm-none-eabi/lib/thumb/v6-m/nofp\libg.a(lib_a-realloc.o)
[...]
Memory Configuration

Name             Origin             Length             Attributes
FLASH            0x10000000         0x00200000         xr
RAM              0x20000000         0x00040000         xrw
SCRATCH_X        0x20040000         0x00001000         xrw
SCRATCH_Y        0x20041000         0x00001000         xrw
*default*        0x00000000         0xffffffff

Linker script and memory map

LOAD d:/program files/gnu arm embedded toolchain/10 2021.10/bin/../lib/gcc/arm-none-eabi/10.3.1/thumb/v6-m/nofp/crti.o
LOAD d:/program files/gnu arm embedded toolchain/10 2021.10/bin/../lib/gcc/arm-none-eabi/10.3.1/thumb/v6-m/nofp/crtbegin.o
LOAD d:/program files/gnu arm embedded toolchain/10 2021.10/bin/../lib/gcc/arm-none-eabi/10.3.1/../../../../arm-none-eabi/lib/thumb/v6-m/nofp/crt0.o

.flash_begin    0x10000000        0x0
                0x10000000                __flash_binary_start = .

.boot2          0x10000000      0x100
                0x10000000                __boot2_start__ = .
 *(.boot2)
 .boot2         0x10000000      0x100 pico-sdk\src\rp2040\boot_stage2\CMakeFiles\bs2_default_library.dir\bs2_default_padded_checksummed.S.obj
                0x10000100                __boot2_end__ = .
                0x00000001                ASSERT (((__boot2_end__ - __boot2_start__) == 0x100), ERROR: Pico second stage bootloader must be 256 bytes in size)

.text           0x10000100     0x3330
                0x10000100                __logical_binary_start = .
 *(.vectors)
 .vectors       0x10000100       0xd4 CMakeFiles/full_pico_smart_light.dir/D_/Repositories/pico/pico-sdk/src/rp2_common/pico_crt0/crt0.S.obj
                0x10000100                __VECTOR_TABLE
                0x10000100                __vectors
                0x100001c0                isr_irq13
                0x100001c0                isr_irq27
                0x100001c0                isr_irq31
                0x100001c0                isr_irq12
                0x100001c0                isr_irq5
                0x100001c0                isr_irq11
                0x100001c0                isr_irq3
                0x100001c0                isr_irq23
                0x100001c0                __unhandled_user_irq
                0x100001c0                isr_irq26
                0x100001c0                isr_irq28
                0x100001c0                isr_irq19
                0x100001c0                isr_irq0
                0x100001c0                isr_irq6
                0x100001c0                isr_irq29
                0x100001c0                isr_irq16
                0x100001c0                isr_irq22
                0x100001c0                isr_irq18
                0x100001c0                isr_irq17
                0x100001c0                isr_irq14
                0x100001c0                __vectors_end
                0x100001c0                __default_isrs_start
                0x100001c0                isr_irq2
                0x100001c0                isr_irq10
                0x100001c0                isr_irq8
                0x100001c0                isr_irq24
                0x100001c0                isr_irq1
                0x100001c0                isr_irq7
                0x100001c0                isr_irq21
                0x100001c0                isr_irq20
                0x100001c0                isr_irq15
                0x100001c0                isr_irq25
                0x100001c0                isr_irq4
                0x100001c0                isr_irq30
                0x100001c0                isr_irq9
                0x100001c6                unhandled_user_irq_num_in_r0
                0x100001c8                isr_invalid
                0x100001ca                isr_nmi
                0x100001cc                isr_hardfault
                0x100001ce                isr_svcall
                0x100001d0                isr_pendsv
                0x100001d2                isr_systick
                0x100001d4                __default_isrs_end
 *(.binary_info_header)
 .binary_info_header
                0x100001d4       0x14 CMakeFiles/full_pico_smart_light.dir/D_/Repositories/pico/pico-sdk/src/rp2_common/pico_crt0/crt0.S.obj
                0x100001e8                __binary_info_header_end = .
 *(.embedded_block)
                0x100001e8                __embedded_block_end = .
 *(.reset)
 .reset         0x100001e8       0x9c CMakeFiles/full_pico_smart_light.dir/D_/Repositories/pico/pico-sdk/src/rp2_common/pico_crt0/crt0.S.obj
                0x100001e8                _entry_point
 *(.init)
 .init          0x10000284        0x4 d:/program files/gnu arm embedded toolchain/10 2021.10/bin/../lib/gcc/arm-none-eabi/10.3.1/thumb/v6-m/nofp/crti.o
                0x10000284                _init
 *(EXCLUDE_FILE(*libm.a: *libc.a:*lib_a-mem*.o *libgcc.a:) .text*)
 .text          0x10000288       0x48 d:/program files/gnu arm embedded toolchain/10 2021.10/bin/../lib/gcc/arm-none-eabi/10.3.1/thumb/v6-m/nofp/crtbegin.o
 .text.startup.main
                0x100002d0      0x154 CMakeFiles/full_pico_smart_light.dir/src/main.cpp.obj
                0x100002d0                main
 .text._ZN11LightSensor4initEv
                0x10000424       0x38 CMakeFiles/full_pico_smart_light.dir/src/LightSensor.cpp.obj
                0x10000424                LightSensor::init()
 .text._ZN11LightSensor4readEv
                0x1000045c       0x78 CMakeFiles/full_pico_smart_light.dir/src/LightSensor.cpp.obj
                0x1000045c                LightSensor::read()
 .text._ZN15ServoController4initEj
                0x100004d4       0xe4 CMakeFiles/full_pico_smart_light.dir/src/ServoController.cpp.obj
                0x100004d4                ServoController::init(unsigned int)
 .text._ZN15ServoController9setTargetEf
                0x100005b8       0x2c CMakeFiles/full_pico_smart_light.dir/src/ServoController.cpp.obj
                0x100005b8                ServoController::setTarget(float)
 .text._ZN15ServoController6updateEv
                0x100005e4       0x9c CMakeFiles/full_pico_smart_light.dir/src/ServoController.cpp.obj
                0x100005e4                ServoController::update()
 .text._ZN16UltrasonicSensorC2Ejj
                0x10000680       0x18 CMakeFiles/full_pico_smart_light.dir/src/UltrasonicSensor.cpp.obj
                0x10000680                UltrasonicSensor::UltrasonicSensor(unsigned int, unsigned int)
                0x10000680                UltrasonicSensor::UltrasonicSensor(unsigned int, unsigned int)
 .text._ZN16UltrasonicSensor4initEv
                0x10000698       0x34 CMakeFiles/full_pico_smart_light.dir/src/UltrasonicSensor.cpp.obj
                0x10000698                UltrasonicSensor::init()
 .text._ZN16UltrasonicSensor6updateEv
                0x100006cc       0xd0 CMakeFiles/full_pico_smart_light.dir/src/UltrasonicSensor.cpp.obj
                0x100006cc                UltrasonicSensor::update()
 .text._ZN16UltrasonicSensor15gestureDetectedEf
                0x1000079c       0x54 CMakeFiles/full_pico_smart_light.dir/src/UltrasonicSensor.cpp.obj
                0x1000079c                UltrasonicSensor::gestureDetected(float)
 .text._ZN13LedController4initEP8pio_hw_tmm
                0x100007f0      0x108 CMakeFiles/full_pico_smart_light.dir/src/LedController.cpp.obj
                0x100007f0                LedController::init(pio_hw_t*, unsigned long, unsigned long)
 .text._ZN13LedController7setModeE9ColorMode
                0x100008f8        0x4 CMakeFiles/full_pico_smart_light.dir/src/LedController.cpp.obj
                0x100008f8                LedController::setMode(ColorMode)
 .text._ZN13LedController13setBrightnessEf
                0x100008fc       0x2c CMakeFiles/full_pico_smart_light.dir/src/LedController.cpp.obj
                0x100008fc                LedController::setBrightness(float)
 .text._ZN13LedController11showRainbowEv
                0x10000928      0x11c CMakeFiles/full_pico_smart_light.dir/src/LedController.cpp.obj
                0x10000928                LedController::showRainbow()
 .text._ZN13LedController6updateEv
                0x10000a44      0x314 CMakeFiles/full_pico_smart_light.dir/src/LedController.cpp.obj
                0x10000a44                LedController::update()
 .text.gpio_set_function
                0x10000d58       0x34 CMakeFiles/full_pico_smart_light.dir/D_/Repositories/pico/pico-sdk/src/rp2_common/hardware_gpio/gpio.c.obj
                0x10000d58                gpio_set_function
 .text.gpio_set_pulls
                0x10000d8c       0x34 CMakeFiles/full_pico_smart_light.dir/D_/Repositories/pico/pico-sdk/src/rp2_common/hardware_gpio/gpio.c.obj
                0x10000d8c                gpio_set_pulls
 .text.gpio_set_input_enabled
                0x10000dc0       0x28 CMakeFiles/full_pico_smart_light.dir/D_/Repositories/pico/pico-sdk/src/rp2_common/hardware_gpio/gpio.c.obj
                0x10000dc0                gpio_set_input_enabled
 .text.gpio_init
                0x10000de8       0x40 CMakeFiles/full_pico_smart_light.dir/D_/Repositories/pico/pico-sdk/src/rp2_common/hardware_gpio/gpio.c.obj
                0x10000de8                gpio_init
 .text.panic    0x10000e28       0x30 CMakeFiles/full_pico_smart_light.dir/D_/Repositories/pico/pico-sdk/src/rp2_common/pico_platform_panic/panic.c.obj
                0x10000e28                panic
 .text.hw_claim_lock
                0x10000e58       0x18 CMakeFiles/full_pico_smart_light.dir/D_/Repositories/pico/pico-sdk/src/common/hardware_claim/claim.c.obj
                0x10000e58                hw_claim_lock
 .text.hw_claim_unlock
                0x10000e70       0x14 CMakeFiles/full_pico_smart_light.dir/D_/Repositories/pico/pico-sdk/src/common/hardware_claim/claim.c.obj
                0x10000e70                hw_claim_unlock
 .text.hw_claim_or_assert
                0x10000e84       0x44 CMakeFiles/full_pico_smart_light.dir/D_/Repositories/pico/pico-sdk/src/common/hardware_claim/claim.c.obj
                0x10000e84                hw_claim_or_assert
 .text.next_striped_spin_lock_num
                0x10000ec8       0x18 CMakeFiles/full_pico_smart_light.dir/D_/Repositories/pico/pico-sdk/src/rp2_common/hardware_sync/sync.c.obj
                0x10000ec8                next_striped_spin_lock_num
 .text.spin_locks_reset
                0x10000ee0       0x1c CMakeFiles/full_pico_smart_light.dir/D_/Repositories/pico/pico-sdk/src/rp2_common/hardware_sync_spin_lock/sync_spin_lock.c.obj
                0x10000ee0                spin_locks_reset
 .text.runtime_init_per_core_irq_priorities
                0x10000efc       0x24 CMakeFiles/full_pico_smart_light.dir/D_/Repositories/pico/pico-sdk/src/rp2_common/hardware_irq/irq.c.obj
                0x10000efc                runtime_init_per_core_irq_priorities
 .text.irq_set_enabled
                0x10000f20       0x24 CMakeFiles/full_pico_smart_light.dir/D_/Repositories/pico/pico-sdk/src/rp2_common/hardware_irq/irq.c.obj
                0x10000f20                irq_set_enabled
 .text.irq_set_exclusive_handler
                0x10000f44       0x54 CMakeFiles/full_pico_smart_light.dir/D_/Repositories/pico/pico-sdk/src/rp2_common/hardware_irq/irq.c.obj
                0x10000f44                irq_set_exclusive_handler
 .text.irq_remove_handler
                0x10000f98      0x1c4 CMakeFiles/full_pico_smart_light.dir/D_/Repositories/pico/pico-sdk/src/rp2_common/hardware_irq/irq.c.obj
                0x10000f98                irq_remove_handler
 .text.irq_add_tail_to_free_list
                0x1000115c       0xb4 CMakeFiles/full_pico_smart_light.dir/D_/Repositories/pico/pico-sdk/src/rp2_common/hardware_irq/irq.c.obj
                0x1000115c                irq_add_tail_to_free_list
 .text.lock_init
                0x10001210       0x10 CMakeFiles/full_pico_smart_light.dir/D_/Repositories/pico/pico-sdk/src/common/pico_sync/lock_core.c.obj
                0x10001210                lock_init
 .text.runtime_init_mutex
                0x10001220       0x58 CMakeFiles/full_pico_smart_light.dir/D_/Repositories/pico/pico-sdk/src/common/pico_sync/mutex.c.obj
                0x10001220                runtime_init_mutex
 .text.sleep_until_callback
                0x10001278       0x30 CMakeFiles/full_pico_smart_light.dir/D_/Repositories/pico/pico-sdk/src/common/pico_time/time.c.obj
 .text.alarm_pool_irq_handler
                0x100012a8      0x308 CMakeFiles/full_pico_smart_light.dir/D_/Repositories/pico/pico-sdk/src/common/pico_time/time.c.obj
 .text.runtime_init_default_alarm_pool
                0x100015b0       0xdc CMakeFiles/full_pico_smart_light.dir/D_/Repositories/pico/pico-sdk/src/common/pico_time/time.c.obj
                0x100015b0                runtime_init_default_alarm_pool
 .text.alarm_pool_add_alarm_at_force_in_context
                0x1000168c       0xb0 CMakeFiles/full_pico_smart_light.dir/D_/Repositories/pico/pico-sdk/src/common/pico_time/time.c.obj
                0x1000168c                alarm_pool_add_alarm_at_force_in_context
 .text.alarm_pool_cancel_alarm
                0x1000173c       0x7c CMakeFiles/full_pico_smart_light.dir/D_/Repositories/pico/pico-sdk/src/common/pico_time/time.c.obj
                0x1000173c                alarm_pool_cancel_alarm
 .text.sleep_until
                0x100017b8       0xd0 CMakeFiles/full_pico_smart_light.dir/D_/Repositories/pico/pico-sdk/src/common/pico_time/time.c.obj
                0x100017b8                sleep_until
 .text.sleep_ms
                0x10001888       0x34 CMakeFiles/full_pico_smart_light.dir/D_/Repositories/pico/pico-sdk/src/common/pico_time/time.c.obj
                0x10001888                sleep_ms
 .text.best_effort_wfe_or_timeout
                0x100018bc       0xfc CMakeFiles/full_pico_smart_light.dir/D_/Repositories/pico/pico-sdk/src/common/pico_time/time.c.obj
                0x100018bc                best_effort_wfe_or_timeout
 .text.timer_hardware_alarm_claim
                0x100019b8       0x14 CMakeFiles/full_pico_smart_light.dir/D_/Repositories/pico/pico-sdk/src/rp2_common/hardware_timer/timer.c.obj
                0x100019b8                timer_hardware_alarm_claim
 .text.timer_time_us_64
                0x100019cc       0x10 CMakeFiles/full_pico_smart_light.dir/D_/Repositories/pico/pico-sdk/src/rp2_common/hardware_timer/timer.c.obj
                0x100019cc                timer_time_us_64
 .text.time_us_64
                0x100019dc       0x14 CMakeFiles/full_pico_smart_light.dir/D_/Repositories/pico/pico-sdk/src/rp2_common/hardware_timer/timer.c.obj
                0x100019dc                time_us_64
 .text.busy_wait_us
                0x100019f0       0x54 CMakeFiles/full_pico_smart_light.dir/D_/Repositories/pico/pico-sdk/src/rp2_common/hardware_timer/timer.c.obj
                0x100019f0                busy_wait_us
 .text.busy_wait_until
                0x10001a44       0x20 CMakeFiles/full_pico_smart_light.dir/D_/Repositories/pico/pico-sdk/src/rp2_common/hardware_timer/timer.c.obj
                0x10001a44                busy_wait_until
 .text.uart_init
                0x10001a64      0x11c CMakeFiles/full_pico_smart_light.dir/D_/Repositories/pico/pico-sdk/src/rp2_common/hardware_uart/uart.c.obj
                0x10001a64                uart_init
 .text.clock_configure_int_divider
                0x10001b80       0xf4 CMakeFiles/full_pico_smart_light.dir/D_/Repositories/pico/pico-sdk/src/rp2_common/hardware_clocks/clocks.c.obj
                0x10001b80                clock_configure_int_divider
 .text.clock_configure_undivided
                0x10001c74       0xe8 CMakeFiles/full_pico_smart_light.dir/D_/Repositories/pico/pico-sdk/src/rp2_common/hardware_clocks/clocks.c.obj
                0x10001c74                clock_configure_undivided
 .text.clock_get_hz
                0x10001d5c        0xc CMakeFiles/full_pico_smart_light.dir/D_/Repositories/pico/pico-sdk/src/rp2_common/hardware_clocks/clocks.c.obj
                0x10001d5c                clock_get_hz
 .text.pll_init
                0x10001d68       0xa0 CMakeFiles/full_pico_smart_light.dir/D_/Repositories/pico/pico-sdk/src/rp2_common/hardware_pll/pll.c.obj
                0x10001d68                pll_init
 .text.tick_start
                0x10001e08       0x10 CMakeFiles/full_pico_smart_light.dir/D_/Repositories/pico/pico-sdk/src/rp2_common/hardware_ticks/ticks.c.obj
                0x10001e08                tick_start
 .text.rom_func_lookup
                0x10001e18       0x10 CMakeFiles/full_pico_smart_light.dir/D_/Repositories/pico/pico-sdk/src/rp2_common/pico_bootrom/bootrom.c.obj
                0x10001e18                rom_func_lookup
 .text.rom_data_lookup
                0x10001e28       0x10 CMakeFiles/full_pico_smart_light.dir/D_/Repositories/pico/pico-sdk/src/rp2_common/pico_bootrom/bootrom.c.obj
                0x10001e28                rom_data_lookup
 .text.rom_funcs_lookup
                0x10001e38       0x44 CMakeFiles/full_pico_smart_light.dir/D_/Repositories/pico/pico-sdk/src/rp2_common/pico_bootrom/bootrom.c.obj
                0x10001e38                rom_funcs_lookup
 .text.xosc_init
                0x10001e7c       0x28 CMakeFiles/full_pico_smart_light.dir/D_/Repositories/pico/pico-sdk/src/rp2_common/hardware_xosc/xosc.c.obj
                0x10001e7c                xosc_init
 .text.first_per_core_initializer
                0x10001ea4        0x4 CMakeFiles/full_pico_smart_light.dir/D_/Repositories/pico/pico-sdk/src/rp2_common/pico_runtime/runtime.c.obj
 .text.hard_assertion_failure
                0x10001ea8        0xc CMakeFiles/full_pico_smart_light.dir/D_/Repositories/pico/pico-sdk/src/rp2_common/pico_runtime/runtime.c.obj
                0x10001ea8                hard_assertion_failure
 .text.runtime_run_initializers
                0x10001eb4       0x28 CMakeFiles/full_pico_smart_light.dir/D_/Repositories/pico/pico-sdk/src/rp2_common/pico_runtime/runtime.c.obj
                0x10001eb4                runtime_run_initializers
 .text.runtime_init_early_resets
                0x10001edc       0x2c CMakeFiles/full_pico_smart_light.dir/D_/Repositories/pico/pico-sdk/src/rp2_common/pico_runtime_init/runtime_init.c.obj
                0x10001edc                runtime_init_early_resets
 .text.runtime_init_usb_power_down
                0x10001f08       0x1c CMakeFiles/full_pico_smart_light.dir/D_/Repositories/pico/pico-sdk/src/rp2_common/pico_runtime_init/runtime_init.c.obj
                0x10001f08                runtime_init_usb_power_down
 .text.runtime_init_post_clock_resets
                0x10001f24       0x20 CMakeFiles/full_pico_smart_light.dir/D_/Repositories/pico/pico-sdk/src/rp2_common/pico_runtime_init/runtime_init.c.obj
                0x10001f24                runtime_init_post_clock_resets
 .text.runtime_init_rp2040_gpio_ie_disable
                0x10001f44       0x14 CMakeFiles/full_pico_smart_light.dir/D_/Repositories/pico/pico-sdk/src/rp2_common/pico_runtime_init/runtime_init.c.obj
                0x10001f44                runtime_init_rp2040_gpio_ie_disable
 .text.runtime_init_spin_locks_reset
                0x10001f58        0x8 CMakeFiles/full_pico_smart_light.dir/D_/Repositories/pico/pico-sdk/src/rp2_common/pico_runtime_init/runtime_init.c.obj
                0x10001f58                runtime_init_spin_locks_reset
 .text.runtime_init_install_ram_vector_table
                0x10001f60       0xcc CMakeFiles/full_pico_smart_light.dir/D_/Repositories/pico/pico-sdk/src/rp2_common/pico_runtime_init/runtime_init.c.obj
                0x10001f60                runtime_init_install_ram_vector_table
 .text.runtime_init_clocks
                0x1000202c       0xd8 CMakeFiles/full_pico_smart_light.dir/D_/Repositories/pico/pico-sdk/src/rp2_common/pico_runtime_init/runtime_init_clocks.c.obj
                0x1000202c                runtime_init_clocks
 .text          0x10002104       0x10 CMakeFiles/full_pico_smart_light.dir/D_/Repositories/pico/pico-sdk/src/rp2_common/pico_bit_ops/bit_ops_aeabi.S.obj
 .text.ctzsi    0x10002114        0xc CMakeFiles/full_pico_smart_light.dir/D_/Repositories/pico/pico-sdk/src/rp2_common/pico_bit_ops/bit_ops_aeabi.S.obj
                0x10002114                __wrap___ctzsi2
 .text.__wrap___aeabi_idiv
                0x10002120       0x50 CMakeFiles/full_pico_smart_light.dir/D_/Repositories/pico/pico-sdk/src/rp2_common/pico_divider/divider_hardware.S.obj
                0x10002120                __wrap___aeabi_idivmod
                0x10002120                divmod_s32s32
                0x10002120                div_s32s32
                0x10002120                __wrap___aeabi_idiv
                0x10002128                divmod_s32s32_unsafe
                0x10002154                divmod_s32s32_savestate
 .text.__wrap___aeabi_uidiv
                0x10002170       0x4c CMakeFiles/full_pico_smart_light.dir/D_/Repositories/pico/pico-sdk/src/rp2_common/pico_divider/divider_hardware.S.obj
                0x10002170                __wrap___aeabi_uidiv
                0x10002170                __wrap___aeabi_uidivmod
                0x10002170                div_u32u32
                0x10002170                divmod_u32u32
                0x10002178                divmod_u32u32_unsafe
                0x100021a0                divmod_u32u32_savestate
 .text.__wrap___aeabi_ldiv
                0x100021bc      0x424 CMakeFiles/full_pico_smart_light.dir/D_/Repositories/pico/pico-sdk/src/rp2_common/pico_divider/divider_hardware.S.obj
                0x100021bc                div_s64s64
                0x100021bc                divmod_s64s64
                0x100021bc                __wrap___aeabi_ldivmod
                0x100021ec                divmod_u64u64
                0x100021ec                div_u64u64
                0x100021ec                __wrap___aeabi_uldivmod
                0x100021fc                divmod_u64u64_savestate
                0x1000221c                divmod_s64s64_unsafe
                0x100022a4                divmod_u64u64_unsafe
 .text.__aeabi_double_init
                0x100025e0       0xa0 CMakeFiles/full_pico_smart_light.dir/D_/Repositories/pico/pico-sdk/src/rp2_common/pico_double/double_init_rom_rp2040.c.obj
                0x100025e0                __aeabi_double_init
 .text.double_table_shim_on_use_helper
                0x10002680       0x2c CMakeFiles/full_pico_smart_light.dir/D_/Repositories/pico/pico-sdk/src/rp2_common/pico_double/double_v1_rom_shim_rp2040.S.obj
                0x10002680                double_table_shim_on_use_helper
 .text.__aeabi_lmul
                0x100026ac       0x32 CMakeFiles/full_pico_smart_light.dir/D_/Repositories/pico/pico-sdk/src/rp2_common/pico_int64_ops/pico_int64_ops_aeabi.S.obj
                0x100026ac                __wrap___aeabi_lmul
 *fill*         0x100026de        0x2 
 .text.__wrap___aeabi_farithmetic
                0x100026e0       0x48 CMakeFiles/full_pico_smart_light.dir/D_/Repositories/pico/pico-sdk/src/rp2_common/pico_float/float_aeabi_rp2040.S.obj
                0x100026e0                __wrap___aeabi_frsub
                0x100026e6                __wrap___aeabi_fsub
                0x100026ec                __wrap___aeabi_fadd
                0x100026f2                __wrap___aeabi_fdiv
                0x1000271a                __wrap___aeabi_fmul
 .text.__wrap___aeabi_cfcmple
                0x10002728       0x50 CMakeFiles/full_pico_smart_light.dir/D_/Repositories/pico/pico-sdk/src/rp2_common/pico_float/float_aeabi_rp2040.S.obj
                0x10002728                __wrap___aeabi_cfrcmple
                0x10002734                __wrap___aeabi_cfcmple
                0x10002734                __wrap___aeabi_cfcmpeq
 .text.__wrap___aeabi_fcmplt
                0x10002778        0xc CMakeFiles/full_pico_smart_light.dir/D_/Repositories/pico/pico-sdk/src/rp2_common/pico_float/float_aeabi_rp2040.S.obj
                0x10002778                __wrap___aeabi_fcmplt
 .text.__wrap___aeabi_fcmpgt
                0x10002784        0xa CMakeFiles/full_pico_smart_light.dir/D_/Repositories/pico/pico-sdk/src/rp2_common/pico_float/float_aeabi_rp2040.S.obj
                0x10002784                __wrap___aeabi_fcmpgt
 .text.__wrap___aeabi_ui2f
                0x1000278e        0xa CMakeFiles/full_pico_smart_light.dir/D_/Repositories/pico/pico-sdk/src/rp2_common/pico_float/float_aeabi_rp2040.S.obj
                0x1000278e                __wrap___aeabi_ui2f
                0x1000278e                uint2float
 .text.__wrap___aeabi_i2f
                0x10002798       0x44 CMakeFiles/full_pico_smart_light.dir/D_/Repositories/pico/pico-sdk/src/rp2_common/pico_float/float_aeabi_rp2040.S.obj
                0x10002798                __wrap___aeabi_i2f
                0x10002798                int2float
 .text.__wrap___aeabi_f2uiz
                0x100027dc        0xc CMakeFiles/full_pico_smart_light.dir/D_/Repositories/pico/pico-sdk/src/rp2_common/pico_float/float_aeabi_rp2040.S.obj
                0x100027dc                float2uint_z
                0x100027dc                __wrap___aeabi_f2uiz
                0x100027dc                float2uint
 .text.fix2float
                0x100027e8        0xc CMakeFiles/full_pico_smart_light.dir/D_/Repositories/pico/pico-sdk/src/rp2_common/pico_float/float_aeabi_rp2040.S.obj
                0x100027e8                fix2float
 .text.__wrap_sinf
                0x100027f4       0x24 CMakeFiles/full_pico_smart_light.dir/D_/Repositories/pico/pico-sdk/src/rp2_common/pico_float/float_aeabi_rp2040.S.obj
                0x100027f4                __wrap_sinf
 .text.__aeabi_float_init
                0x10002818       0x64 CMakeFiles/full_pico_smart_light.dir/D_/Repositories/pico/pico-sdk/src/rp2_common/pico_float/float_init_rom_rp2040.c.obj
                0x10002818                __aeabi_float_init
 .text.__wrap_remquof
                0x1000287c      0x14c CMakeFiles/full_pico_smart_light.dir/D_/Repositories/pico/pico-sdk/src/rp2_common/pico_float/float_math.c.obj
                0x1000287c                __wrap_remquof
 .text.__wrap_remainderf
                0x100029c8        0xc CMakeFiles/full_pico_smart_light.dir/D_/Repositories/pico/pico-sdk/src/rp2_common/pico_float/float_math.c.obj
                0x100029c8                __wrap_remainderf
 .text.float_table_shim_on_use_helper
                0x100029d4       0x2c CMakeFiles/full_pico_smart_light.dir/D_/Repositories/pico/pico-sdk/src/rp2_common/pico_float/float_v1_rom_shim_rp2040.S.obj
                0x100029d4                float_table_shim_on_use_helper
 .text          0x10002a00       0x10 CMakeFiles/full_pico_smart_light.dir/D_/Repositories/pico/pico-sdk/src/rp2_common/pico_mem_ops/mem_ops_aeabi.S.obj
                0x10002a00                __aeabi_mem_init
 .text.memset   0x10002a10        0xc CMakeFiles/full_pico_smart_light.dir/D_/Repositories/pico/pico-sdk/src/rp2_common/pico_mem_ops/mem_ops_aeabi.S.obj
                0x10002a10                __wrap_memset
 .text.memcpy   0x10002a1c        0xc CMakeFiles/full_pico_smart_light.dir/D_/Repositories/pico/pico-sdk/src/rp2_common/pico_mem_ops/mem_ops_aeabi.S.obj
                0x10002a1c                __wrap_memcpy
                0x10002a1c                __wrap___aeabi_memcpy
 .text._out_char
                0x10002a28       0x10 CMakeFiles/full_pico_smart_light.dir/D_/Repositories/pico/pico-sdk/src/rp2_common/pico_printf/printf.c.obj
 .text.weak_raw_vprintf
                0x10002a38       0x30 CMakeFiles/full_pico_smart_light.dir/D_/Repositories/pico/pico-sdk/src/rp2_common/pico_printf/printf.c.obj
                0x10002a38                weak_raw_vprintf
 .text._exit    0x10002a68        0x4 CMakeFiles/full_pico_smart_light.dir/D_/Repositories/pico/pico-sdk/src/rp2_common/pico_clib_interface/newlib_interface.c.obj
                0x10002a68                _exit
 .text.exit     0x10002a6c        0x8 CMakeFiles/full_pico_smart_light.dir/D_/Repositories/pico/pico-sdk/src/rp2_common/pico_clib_interface/newlib_interface.c.obj
                0x10002a6c                exit
 .text.runtime_init
                0x10002a74       0x2c CMakeFiles/full_pico_smart_light.dir/D_/Repositories/pico/pico-sdk/src/rp2_common/pico_clib_interface/newlib_interface.c.obj
                0x10002a74                runtime_init
 .text.stdio_out_chars_no_crlf
                0x10002aa0       0x10 CMakeFiles/full_pico_smart_light.dir/D_/Repositories/pico/pico-sdk/src/rp2_common/pico_stdio/stdio.c.obj
 .text.stdio_out_chars_crlf
                0x10002ab0       0xb4 CMakeFiles/full_pico_smart_light.dir/D_/Repositories/pico/pico-sdk/src/rp2_common/pico_stdio/stdio.c.obj
 .text.stdio_put_string
                0x10002b64      0x100 CMakeFiles/full_pico_smart_light.dir/D_/Repositories/pico/pico-sdk/src/rp2_common/pico_stdio/stdio.c.obj
                0x10002b64                stdio_put_string
 .text.stdio_set_driver_enabled
                0x10002c64       0x30 CMakeFiles/full_pico_smart_light.dir/D_/Repositories/pico/pico-sdk/src/rp2_common/pico_stdio/stdio.c.obj
                0x10002c64                stdio_set_driver_enabled
 .text.stdio_init_all
                0x10002c94        0xc CMakeFiles/full_pico_smart_light.dir/D_/Repositories/pico/pico-sdk/src/rp2_common/pico_stdio/stdio.c.obj
                0x10002c94                stdio_init_all
 .text.__wrap_putchar
                0x10002ca0       0x98 CMakeFiles/full_pico_smart_light.dir/D_/Repositories/pico/pico-sdk/src/rp2_common/pico_stdio/stdio.c.obj
                0x10002ca0                __wrap_putchar
                0x10002ca0                stdio_putchar
 .text.__wrap_puts
                0x10002d38       0x3c CMakeFiles/full_pico_smart_light.dir/D_/Repositories/pico/pico-sdk/src/rp2_common/pico_stdio/stdio.c.obj
                0x10002d38                stdio_puts
                0x10002d38                __wrap_puts
 .text.stdio_uart_out_chars
                0x10002d74       0x4c CMakeFiles/full_pico_smart_light.dir/D_/Repositories/pico/pico-sdk/src/rp2_common/pico_stdio_uart/stdio_uart.c.obj
 .text.stdio_uart_in_chars
                0x10002dc0       0x84 CMakeFiles/full_pico_smart_light.dir/D_/Repositories/pico/pico-sdk/src/rp2_common/pico_stdio_uart/stdio_uart.c.obj
                0x10002dc0                stdio_uart_in_chars
 .text.on_uart_rx
                0x10002e44       0x28 CMakeFiles/full_pico_smart_light.dir/D_/Repositories/pico/pico-sdk/src/rp2_common/pico_stdio_uart/stdio_uart.c.obj
 .text.stdio_uart_out_flush
                0x10002e6c       0x14 CMakeFiles/full_pico_smart_light.dir/D_/Repositories/pico/pico-sdk/src/rp2_common/pico_stdio_uart/stdio_uart.c.obj
 .text.stdio_uart_set_chars_available_callback
                0x10002e80       0x88 CMakeFiles/full_pico_smart_light.dir/D_/Repositories/pico/pico-sdk/src/rp2_common/pico_stdio_uart/stdio_uart.c.obj
 .text.stdio_uart_init
                0x10002f08       0x50 CMakeFiles/full_pico_smart_light.dir/D_/Repositories/pico/pico-sdk/src/rp2_common/pico_stdio_uart/stdio_uart.c.obj
                0x10002f08                stdio_uart_init
 .text.adc_init
                0x10002f58       0x38 CMakeFiles/full_pico_smart_light.dir/D_/Repositories/pico/pico-sdk/src/rp2_common/hardware_adc/adc.c.obj
                0x10002f58                adc_init
 .text.pio_add_program
                0x10002f90       0xf4 CMakeFiles/full_pico_smart_light.dir/D_/Repositories/pico/pico-sdk/src/rp2_common/hardware_pio/pio.c.obj
                0x10002f90                pio_add_program
 .text.pio_sm_set_pins_with_mask
                0x10003084       0xa4 CMakeFiles/full_pico_smart_light.dir/D_/Repositories/pico/pico-sdk/src/rp2_common/hardware_pio/pio.c.obj
                0x10003084                pio_sm_set_pins_with_mask
 .text.pio_sm_set_pindirs_with_mask
                0x10003128       0xa4 CMakeFiles/full_pico_smart_light.dir/D_/Repositories/pico/pico-sdk/src/rp2_common/hardware_pio/pio.c.obj
                0x10003128                pio_sm_set_pindirs_with_mask
 .text.pio_sm_set_consecutive_pindirs
                0x100031cc       0xbc CMakeFiles/full_pico_smart_light.dir/D_/Repositories/pico/pico-sdk/src/rp2_common/hardware_pio/pio.c.obj
                0x100031cc                pio_sm_set_consecutive_pindirs
 .text.pio_sm_init
                0x10003288       0x94 CMakeFiles/full_pico_smart_light.dir/D_/Repositories/pico/pico-sdk/src/rp2_common/hardware_pio/pio.c.obj
                0x10003288                pio_sm_init
 .text.rand     0x1000331c       0x34 d:/program files/gnu arm embedded toolchain/10 2021.10/bin/../lib/gcc/arm-none-eabi/10.3.1/../../../../arm-none-eabi/lib/thumb/v6-m/nofp\libg.a(lib_a-rand.o)
                0x1000331c                rand
 .text.strlen   0x10003350       0x5c d:/program files/gnu arm embedded toolchain/10 2021.10/bin/../lib/gcc/arm-none-eabi/10.3.1/../../../../arm-none-eabi/lib/thumb/v6-m/nofp\libg.a(lib_a-strlen-stub.o)
                0x10003350                strlen
 *(.fini)
 .fini          0x100033ac        0x4 d:/program files/gnu arm embedded toolchain/10 2021.10/bin/../lib/gcc/arm-none-eabi/10.3.1/thumb/v6-m/nofp/crti.o
                0x100033ac                _fini
 .fini.__stub   0x100033b0       0x40 linker stubs
 *crtbegin.o(.ctors)
 *crtbegin?.o(.ctors)
 *(EXCLUDE_FILE(*crtend.o *crtend?.o) .ctors)
 *(SORT_BY_NAME(.ctors.*))
 *(.ctors)
 *crtbegin.o(.dtors)
 *crtbegin?.o(.dtors)
 *(EXCLUDE_FILE(*crtend.o *crtend?.o) .dtors)
 *(SORT_BY_NAME(.dtors.*))
 *(.dtors)
                0x100033f0                . = ALIGN (0x4)
                0x100033f0                PROVIDE (__preinit_array_start = .)
 *(SORT_BY_NAME(.preinit_array.*))
 .preinit_array.00100
                0x100033f0        0x4 CMakeFiles/full_pico_smart_light.dir/D_/Repositories/pico/pico-sdk/src/rp2_common/pico_runtime_init/runtime_init.c.obj
                0x100033f0                __pre_init_runtime_init_early_resets
 .preinit_array.00101
                0x100033f4        0x4 CMakeFiles/full_pico_smart_light.dir/D_/Repositories/pico/pico-sdk/src/rp2_common/pico_runtime_init/runtime_init.c.obj
                0x100033f4                __pre_init_runtime_init_usb_power_down
 .preinit_array.00275
                0x100033f8        0x4 CMakeFiles/full_pico_smart_light.dir/D_/Repositories/pico/pico-sdk/src/rp2_common/pico_bit_ops/bit_ops_aeabi.S.obj
 .preinit_array.00300
                0x100033fc        0x4 CMakeFiles/full_pico_smart_light.dir/D_/Repositories/pico/pico-sdk/src/rp2_common/pico_mem_ops/mem_ops_aeabi.S.obj
 .preinit_array.00350
                0x10003400        0x4 CMakeFiles/full_pico_smart_light.dir/D_/Repositories/pico/pico-sdk/src/rp2_common/pico_double/double_aeabi_rp2040.S.obj
 .preinit_array.00350
                0x10003404        0x4 CMakeFiles/full_pico_smart_light.dir/D_/Repositories/pico/pico-sdk/src/rp2_common/pico_float/float_aeabi_rp2040.S.obj
 .preinit_array.00500
                0x10003408        0x4 CMakeFiles/full_pico_smart_light.dir/D_/Repositories/pico/pico-sdk/src/rp2_common/pico_runtime_init/runtime_init.c.obj
                0x10003408                __pre_init_runtime_init_clocks
 .preinit_array.00600
                0x1000340c        0x4 CMakeFiles/full_pico_smart_light.dir/D_/Repositories/pico/pico-sdk/src/rp2_common/pico_runtime_init/runtime_init.c.obj
                0x1000340c                __pre_init_runtime_init_post_clock_resets
 .preinit_array.00700
                0x10003410        0x4 CMakeFiles/full_pico_smart_light.dir/D_/Repositories/pico/pico-sdk/src/rp2_common/pico_runtime_init/runtime_init.c.obj
                0x10003410                __pre_init_runtime_init_rp2040_gpio_ie_disable
 .preinit_array.01000
                0x10003414        0x4 CMakeFiles/full_pico_smart_light.dir/D_/Repositories/pico/pico-sdk/src/rp2_common/pico_runtime_init/runtime_init.c.obj
                0x10003414                __pre_init_runtime_init_spin_locks_reset
 .preinit_array.01100
                0x10003418        0x4 CMakeFiles/full_pico_smart_light.dir/D_/Repositories/pico/pico-sdk/src/common/pico_sync/mutex.c.obj
                0x10003418                __pre_init_runtime_init_mutex
 .preinit_array.10080
                0x1000341c        0x4 CMakeFiles/full_pico_smart_light.dir/D_/Repositories/pico/pico-sdk/src/rp2_common/pico_runtime_init/runtime_init.c.obj
                0x1000341c                __pre_init_runtime_init_install_ram_vector_table
 .preinit_array.11000
                0x10003420        0x4 CMakeFiles/full_pico_smart_light.dir/D_/Repositories/pico/pico-sdk/src/common/pico_time/time.c.obj
                0x10003420                __pre_init_runtime_init_default_alarm_pool
 .preinit_array.YYYYY
                0x10003424        0x4 CMakeFiles/full_pico_smart_light.dir/D_/Repositories/pico/pico-sdk/src/rp2_common/pico_runtime/runtime.c.obj
                0x10003424                __pre_init_first_per_core_initializer
 .preinit_array.ZZZZZ.01200
                0x10003428        0x4 CMakeFiles/full_pico_smart_light.dir/D_/Repositories/pico/pico-sdk/src/rp2_common/hardware_irq/irq.c.obj
                0x10003428                __pre_init_runtime_init_per_core_irq_priorities
 *(.preinit_array)
                0x1000342c                PROVIDE (__preinit_array_end = .)
                0x1000342c                . = ALIGN (0x4)
                0x1000342c                PROVIDE (__init_array_start = .)
 *(SORT_BY_NAME(.init_array.*))
 *(.init_array)
 .init_array    0x1000342c        0x4 d:/program files/gnu arm embedded toolchain/10 2021.10/bin/../lib/gcc/arm-none-eabi/10.3.1/thumb/v6-m/nofp/crtbegin.o
                0x10003430                PROVIDE (__init_array_end = .)
                0x10003430                . = ALIGN (0x4)
                [!provide]                PROVIDE (__fini_array_start = .)
 *(SORT_BY_NAME(.fini_array.*))
 *(.fini_array)
                [!provide]                PROVIDE (__fini_array_end = .)
 *(.eh_frame*)
 .eh_frame      0x10003430        0x0 d:/program files/gnu arm embedded toolchain/10 2021.10/bin/../lib/gcc/arm-none-eabi/10.3.1/thumb/v6-m/nofp/crtbegin.o
                0x10003430                . = ALIGN (0x4)

.glue_7         0x10003430        0x0
 .glue_7        0x10003430        0x0 linker stubs

.glue_7t        0x10003430        0x0
 .glue_7t       0x10003430        0x0 linker stubs

.vfp11_veneer   0x10003430        0x0
 .vfp11_veneer  0x10003430        0x0 linker stubs

.v4_bx          0x10003430        0x0
 .v4_bx         0x10003430        0x0 linker stubs

.iplt           0x10003430        0x0
 .iplt          0x10003430        0x0 d:/program files/gnu arm embedded toolchain/10 2021.10/bin/../lib/gcc/arm-none-eabi/10.3.1/thumb/v6-m/nofp/crtbegin.o

.rodata         0x10003430      0x16c
 *(EXCLUDE_FILE(*libm.a: *libc.a:*lib_a-mem*.o *libgcc.a:) .rodata*)
 .rodata        0x10003430       0x10 CMakeFiles/full_pico_smart_light.dir/src/main.cpp.obj
 .rodata._ZN13LedController6updateEv
                0x10003440       0x1c CMakeFiles/full_pico_smart_light.dir/src/LedController.cpp.obj
 .rodata._ZL14ws2812_program
                0x1000345c        0x8 CMakeFiles/full_pico_smart_light.dir/src/LedController.cpp.obj
 .rodata._ZL27ws2812_program_instructions
                0x10003464        0x8 CMakeFiles/full_pico_smart_light.dir/src/LedController.cpp.obj
 .rodata.panic.str1.4
                0x1000346c       0x12 CMakeFiles/full_pico_smart_light.dir/D_/Repositories/pico/pico-sdk/src/rp2_common/pico_platform_panic/panic.c.obj
 *fill*         0x1000347e        0x2 
 .rodata.timer_hardware_alarm_claim.str1.4
                0x10003480       0x22 CMakeFiles/full_pico_smart_light.dir/D_/Repositories/pico/pico-sdk/src/rp2_common/hardware_timer/timer.c.obj
 *fill*         0x100034a2        0x2 
 .rodata.hard_assertion_failure.str1.4
                0x100034a4        0xc CMakeFiles/full_pico_smart_light.dir/D_/Repositories/pico/pico-sdk/src/rp2_common/pico_runtime/runtime.c.obj
 .rodata.str1.4
                0x100034b0       0x4c CMakeFiles/full_pico_smart_light.dir/D_/Repositories/pico/pico-sdk/src/rp2_common/pico_standard_binary_info/standard_binary_info.c.obj
 .rodata.__bi_26
                0x100034fc        0xc CMakeFiles/full_pico_smart_light.dir/D_/Repositories/pico/pico-sdk/src/rp2_common/pico_standard_binary_info/standard_binary_info.c.obj
 .rodata.__bi_34
                0x10003508        0xc CMakeFiles/full_pico_smart_light.dir/D_/Repositories/pico/pico-sdk/src/rp2_common/pico_standard_binary_info/standard_binary_info.c.obj
 .rodata.__bi_42
                0x10003514        0xc CMakeFiles/full_pico_smart_light.dir/D_/Repositories/pico/pico-sdk/src/rp2_common/pico_standard_binary_info/standard_binary_info.c.obj
 .rodata.__bi_48
                0x10003520        0xc CMakeFiles/full_pico_smart_light.dir/D_/Repositories/pico/pico-sdk/src/rp2_common/pico_standard_binary_info/standard_binary_info.c.obj
 .rodata.__bi_54
                0x1000352c        0xc CMakeFiles/full_pico_smart_light.dir/D_/Repositories/pico/pico-sdk/src/rp2_common/pico_standard_binary_info/standard_binary_info.c.obj
 .rodata.__bi_78
                0x10003538        0xc CMakeFiles/full_pico_smart_light.dir/D_/Repositories/pico/pico-sdk/src/rp2_common/pico_standard_binary_info/standard_binary_info.c.obj
 .rodata.__bi_84
                0x10003544        0xc CMakeFiles/full_pico_smart_light.dir/D_/Repositories/pico/pico-sdk/src/rp2_common/pico_standard_binary_info/standard_binary_info.c.obj
 .rodata.crlf_str.0
                0x10003550        0x2 CMakeFiles/full_pico_smart_light.dir/D_/Repositories/pico/pico-sdk/src/rp2_common/pico_stdio/stdio.c.obj
 *fill*         0x10003552        0x2 
 .rodata.str1.4
                0x10003554       0x2c CMakeFiles/full_pico_smart_light.dir/D_/Repositories/pico/pico-sdk/src/rp2_common/pico_stdio_uart/stdio_uart.c.obj
 .rodata.__bi_45.4
                0x10003580        0xc CMakeFiles/full_pico_smart_light.dir/D_/Repositories/pico/pico-sdk/src/rp2_common/pico_stdio_uart/stdio_uart.c.obj
 .rodata.__bi_49.5
                0x1000358c        0x8 CMakeFiles/full_pico_smart_light.dir/D_/Repositories/pico/pico-sdk/src/rp2_common/pico_stdio_uart/stdio_uart.c.obj
 .rodata.__bi_50.6
                0x10003594        0x8 CMakeFiles/full_pico_smart_light.dir/D_/Repositories/pico/pico-sdk/src/rp2_common/pico_stdio_uart/stdio_uart.c.obj
                0x1000359c                . = ALIGN (0x4)
 *(SORT_BY_ALIGNMENT(SORT_BY_NAME(.flashdata*)))
                0x1000359c                . = ALIGN (0x4)

.ARM.extab
 *(.ARM.extab* .gnu.linkonce.armextab.*)
                0x1000359c                __exidx_start = .

.ARM.exidx
 *(.ARM.exidx* .gnu.linkonce.armexidx.*)
                0x1000359c                __exidx_end = .
                0x1000359c                . = ALIGN (0x4)
                0x1000359c                __binary_info_start = .

.binary_info    0x1000359c       0x28
 *(.binary_info.keep.*)
 .binary_info.keep.__bi_ptr26
                0x1000359c        0x4 CMakeFiles/full_pico_smart_light.dir/D_/Repositories/pico/pico-sdk/src/rp2_common/pico_standard_binary_info/standard_binary_info.c.obj
 .binary_info.keep.__bi_ptr34
                0x100035a0        0x4 CMakeFiles/full_pico_smart_light.dir/D_/Repositories/pico/pico-sdk/src/rp2_common/pico_standard_binary_info/standard_binary_info.c.obj
 .binary_info.keep.__bi_ptr42
                0x100035a4        0x4 CMakeFiles/full_pico_smart_light.dir/D_/Repositories/pico/pico-sdk/src/rp2_common/pico_standard_binary_info/standard_binary_info.c.obj
 .binary_info.keep.__bi_ptr48
                0x100035a8        0x4 CMakeFiles/full_pico_smart_light.dir/D_/Repositories/pico/pico-sdk/src/rp2_common/pico_standard_binary_info/standard_binary_info.c.obj
 .binary_info.keep.__bi_ptr54
                0x100035ac        0x4 CMakeFiles/full_pico_smart_light.dir/D_/Repositories/pico/pico-sdk/src/rp2_common/pico_standard_binary_info/standard_binary_info.c.obj
 .binary_info.keep.__bi_ptr78
                0x100035b0        0x4 CMakeFiles/full_pico_smart_light.dir/D_/Repositories/pico/pico-sdk/src/rp2_common/pico_standard_binary_info/standard_binary_info.c.obj
 .binary_info.keep.__bi_ptr84
                0x100035b4        0x4 CMakeFiles/full_pico_smart_light.dir/D_/Repositories/pico/pico-sdk/src/rp2_common/pico_standard_binary_info/standard_binary_info.c.obj
 *(.binary_info.*)
 .binary_info.__bi_ptr45
                0x100035b8        0x4 CMakeFiles/full_pico_smart_light.dir/D_/Repositories/pico/pico-sdk/src/rp2_common/pico_stdio_uart/stdio_uart.c.obj
 .binary_info.__bi_ptr49
                0x100035bc        0x4 CMakeFiles/full_pico_smart_light.dir/D_/Repositories/pico/pico-sdk/src/rp2_common/pico_stdio_uart/stdio_uart.c.obj
 .binary_info.__bi_ptr50
                0x100035c0        0x4 CMakeFiles/full_pico_smart_light.dir/D_/Repositories/pico/pico-sdk/src/rp2_common/pico_stdio_uart/stdio_uart.c.obj
                0x100035c4                __binary_info_end = .
                0x100035c4                . = ALIGN (0x4)

.ram_vector_table
                0x20000000       0xc0
 *(.ram_vector_table)
 .ram_vector_table
                0x20000000       0xc0 CMakeFiles/full_pico_smart_light.dir/D_/Repositories/pico/pico-sdk/src/rp2_common/pico_runtime_init/runtime_init.c.obj
                0x20000000                ram_vector_table

.uninitialized_data
                0x200000c0        0x0
                0x200000c0                . = ALIGN (0x4)
 *(.uninitialized_data*)

.data           0x200000c0      0x5b0 load address 0x100035c4
                0x200000c0                __data_start__ = .
 *(vtable)
 *(.time_critical*)
 .time_critical.mutex_try_enter_block_until
                0x200000c0       0x9c CMakeFiles/full_pico_smart_light.dir/D_/Repositories/pico/pico-sdk/src/common/pico_sync/mutex.c.obj
                0x200000c0                mutex_try_enter_block_until
 .time_critical.mutex_exit
                0x2000015c       0x28 CMakeFiles/full_pico_smart_light.dir/D_/Repositories/pico/pico-sdk/src/common/pico_sync/mutex.c.obj
                0x2000015c                mutex_exit
 *(.text*)
 .text          0x20000184        0x4 d:/program files/gnu arm embedded toolchain/10 2021.10/bin/../lib/gcc/arm-none-eabi/10.3.1/thumb/v6-m/nofp\libgcc.a(_dvmd_tls.o)
                0x20000184                __aeabi_idiv0
                0x20000184                __aeabi_ldiv0
 .text.__stub   0x20000188       0x10 linker stubs
                0x20000198                . = ALIGN (0x4)
 *(.rodata*)
                0x20000198                . = ALIGN (0x4)
 *(.data*)
 .data.striped_spin_lock_num
                0x20000198        0x1 CMakeFiles/full_pico_smart_light.dir/D_/Repositories/pico/pico-sdk/src/rp2_common/hardware_sync/sync.c.obj
 *fill*         0x20000199        0x3 
 .data          0x2000019c       0x48 CMakeFiles/full_pico_smart_light.dir/D_/Repositories/pico/pico-sdk/src/rp2_common/hardware_irq/irq_handler_chain.S.obj
                0x2000019c                irq_handler_chain_slots
                0x200001cc                irq_handler_chain_first_slot
                0x200001d6                irq_handler_chain_remove_tail
 .data.default_alarm_pool
                0x200001e4       0x18 CMakeFiles/full_pico_smart_light.dir/D_/Repositories/pico/pico-sdk/src/common/pico_time/time.c.obj
 *fill*         0x200001fc        0x4 
 .data.aeabi_bits_funcs
                0x20000200       0x10 CMakeFiles/full_pico_smart_light.dir/D_/Repositories/pico/pico-sdk/src/rp2_common/pico_bit_ops/bit_ops_aeabi.S.obj
                0x20000200                aeabi_bits_funcs
                0x20000210                aeabi_bits_funcs_end
 .data.aeabi_mem_funcs
                0x20000210       0x10 CMakeFiles/full_pico_smart_light.dir/D_/Repositories/pico/pico-sdk/src/rp2_common/pico_mem_ops/mem_ops_aeabi.S.obj
                0x20000210                aeabi_mem_funcs
                0x20000220                aeabi_mem_funcs_end
 .data.stdio_uart
                0x20000220       0x18 CMakeFiles/full_pico_smart_light.dir/D_/Repositories/pico/pico-sdk/src/rp2_common/pico_stdio_uart/stdio_uart.c.obj
                0x20000220                stdio_uart
 .data._impure_ptr
                0x20000238        0x4 d:/program files/gnu arm embedded toolchain/10 2021.10/bin/../lib/gcc/arm-none-eabi/10.3.1/../../../../arm-none-eabi/lib/thumb/v6-m/nofp\libg.a(lib_a-impure.o)
                0x20000238                _impure_ptr
 *fill*         0x2000023c        0x4 
 .data.impure_data
                0x20000240      0x428 d:/program files/gnu arm embedded toolchain/10 2021.10/bin/../lib/gcc/arm-none-eabi/10.3.1/../../../../arm-none-eabi/lib/thumb/v6-m/nofp\libg.a(lib_a-impure.o)
                0x20000668                . = ALIGN (0x4)
 *(.after_data.*)
                0x20000668                . = ALIGN (0x4)
                0x20000668                PROVIDE (__mutex_array_start = .)
 *(SORT_BY_NAME(.mutex_array.*))
 *(.mutex_array)
 .mutex_array   0x20000668        0x8 CMakeFiles/full_pico_smart_light.dir/D_/Repositories/pico/pico-sdk/src/rp2_common/pico_stdio/stdio.c.obj
                0x20000670                PROVIDE (__mutex_array_end = .)
                0x20000670                . = ALIGN (0x4)
 *(.jcr)
                0x20000670                . = ALIGN (0x4)

.igot.plt       0x20000670        0x0 load address 0x10003b74
 .igot.plt      0x20000670        0x0 d:/program files/gnu arm embedded toolchain/10 2021.10/bin/../lib/gcc/arm-none-eabi/10.3.1/thumb/v6-m/nofp/crtbegin.o

.tdata          0x20000670        0x0 load address 0x10003b74
                0x20000670                . = ALIGN (0x4)
 *(.tdata .tdata.* .gnu.linkonce.td.*)
                0x20000670                __tdata_end = .
                0x20000670                PROVIDE (__data_end__ = .)
                0x100035c4                __etext = LOADADDR (.data)

.tbss           0x20000670        0x0 load address 0x10003b74
                0x20000670                . = ALIGN (0x4)
                0x20000670                __bss_start__ = .
                0x20000670                __tls_base = .
 *(.tbss .tbss.* .gnu.linkonce.tb.*)
 *(.tcommon)
                0x20000670                __tls_end = .

.bss            0x20000670      0x408 load address 0x10003b74
                0x20000670                . = ALIGN (0x4)
                0x20000670                __tbss_end = .
 *(SORT_BY_ALIGNMENT(SORT_BY_NAME(.bss*)))
 .bss.default_alarm_pool_entries
                0x20000670      0x180 CMakeFiles/full_pico_smart_light.dir/D_/Repositories/pico/pico-sdk/src/common/pico_time/time.c.obj
 .bss.sd_table  0x200007f0      0x100 CMakeFiles/full_pico_smart_light.dir/D_/Repositories/pico/pico-sdk/src/rp2_common/pico_double/double_init_rom_rp2040.c.obj
                0x200007f0                sd_table
 .bss.sf_table  0x200008f0      0x100 CMakeFiles/full_pico_smart_light.dir/D_/Repositories/pico/pico-sdk/src/rp2_common/pico_float/float_init_rom_rp2040.c.obj
                0x200008f0                sf_table
 .bss           0x200009f0       0x1c d:/program files/gnu arm embedded toolchain/10 2021.10/bin/../lib/gcc/arm-none-eabi/10.3.1/thumb/v6-m/nofp/crtbegin.o
 .bss._used_instruction_space
                0x20000a0c        0x8 CMakeFiles/full_pico_smart_light.dir/D_/Repositories/pico/pico-sdk/src/rp2_common/hardware_pio/pio.c.obj
 .bss.chars_available_callback
                0x20000a14        0x4 CMakeFiles/full_pico_smart_light.dir/D_/Repositories/pico/pico-sdk/src/rp2_common/pico_stdio_uart/stdio_uart.c.obj
 .bss.chars_available_param
                0x20000a18        0x4 CMakeFiles/full_pico_smart_light.dir/D_/Repositories/pico/pico-sdk/src/rp2_common/pico_stdio_uart/stdio_uart.c.obj
 .bss.claimed   0x20000a1c        0x1 CMakeFiles/full_pico_smart_light.dir/D_/Repositories/pico/pico-sdk/src/rp2_common/hardware_timer/timer.c.obj
 *fill*         0x20000a1d        0x3 
 .bss.configured_freq
                0x20000a20       0x28 CMakeFiles/full_pico_smart_light.dir/D_/Repositories/pico/pico-sdk/src/rp2_common/hardware_clocks/clocks.c.obj
 .bss.drivers   0x20000a48        0x4 CMakeFiles/full_pico_smart_light.dir/D_/Repositories/pico/pico-sdk/src/rp2_common/pico_stdio/stdio.c.obj
 .bss.filter    0x20000a4c        0x4 CMakeFiles/full_pico_smart_light.dir/D_/Repositories/pico/pico-sdk/src/rp2_common/pico_stdio/stdio.c.obj
 .bss.lazy_vsnprintf
                0x20000a50        0x4 CMakeFiles/full_pico_smart_light.dir/D_/Repositories/pico/pico-sdk/src/rp2_common/pico_printf/printf.c.obj
 .bss.pools     0x20000a54       0x10 CMakeFiles/full_pico_smart_light.dir/D_/Repositories/pico/pico-sdk/src/common/pico_time/time.c.obj
 .bss.sf_clz_func
                0x20000a64        0x4 CMakeFiles/full_pico_smart_light.dir/D_/Repositories/pico/pico-sdk/src/rp2_common/pico_double/double_init_rom_rp2040.c.obj
                0x20000a64                sf_clz_func
 .bss.sleep_notifier
                0x20000a68        0x4 CMakeFiles/full_pico_smart_light.dir/D_/Repositories/pico/pico-sdk/src/common/pico_time/time.c.obj
 .bss.uart_char_to_line_feed
                0x20000a6c        0x4 CMakeFiles/full_pico_smart_light.dir/D_/Repositories/pico/pico-sdk/src/rp2_common/hardware_uart/uart.c.obj
                0x20000a6c                uart_char_to_line_feed
 .bss.uart_instance
                0x20000a70        0x4 CMakeFiles/full_pico_smart_light.dir/D_/Repositories/pico/pico-sdk/src/rp2_common/pico_stdio_uart/stdio_uart.c.obj
 .bss.irq_handler_chain_free_slot_head
                0x20000a74        0x1 CMakeFiles/full_pico_smart_light.dir/D_/Repositories/pico/pico-sdk/src/rp2_common/hardware_irq/irq.c.obj
 *(COMMON)
                0x20000a78                . = ALIGN (0x4)
 *fill*         0x20000a75        0x3 
                0x20000a78                __bss_end__ = .

.heap           0x20000a78      0x800 load address 0x10003b74
                0x20000a78                __end__ = .
                0x20000a78                end = __end__
 *(.heap*)
 .heap          0x20000a78      0x800 CMakeFiles/full_pico_smart_light.dir/D_/Repositories/pico/pico-sdk/src/rp2_common/pico_crt0/crt0.S.obj
                0x20040000                __HeapLimit = (ORIGIN (RAM) + LENGTH (RAM))

.scratch_x      0x20040000        0x0 load address 0x10003b74
                0x20040000                __scratch_x_start__ = .
 *(.scratch_x.*)
                0x20040000                . = ALIGN (0x4)
                0x20040000                __scratch_x_end__ = .
                0x10003b74                __scratch_x_source__ = LOADADDR (.scratch_x)

.scratch_y      0x20041000        0x0 load address 0x10003b74
                0x20041000                __scratch_y_start__ = .
 *(.scratch_y.*)
                0x20041000                . = ALIGN (0x4)
                0x20041000                __scratch_y_end__ = .
                0x10003b74                __scratch_y_source__ = LOADADDR (.scratch_y)

.stack1_dummy   0x20040000        0x0
 *(.stack1*)

.stack_dummy    0x20041000      0x800
 *(.stack*)
 .stack         0x20041000      0x800 CMakeFiles/full_pico_smart_light.dir/D_/Repositories/pico/pico-sdk/src/rp2_common/pico_crt0/crt0.S.obj

.rel.dyn        0x20041800        0x0
 .rel.iplt      0x20041800        0x0 d:/program files/gnu arm embedded toolchain/10 2021.10/bin/../lib/gcc/arm-none-eabi/10.3.1/thumb/v6-m/nofp/crtbegin.o

.flash_end      0x10003b74        0x0
 *(.embedded_end_block*)
                0x10003b74                PROVIDE (__flash_binary_end = .)
                0x20040000                __StackLimit = (ORIGIN (RAM) + LENGTH (RAM))
                0x20041000                __StackOneTop = (ORIGIN (SCRATCH_X) + LENGTH (SCRATCH_X))
                0x20042000                __StackTop = (ORIGIN (SCRATCH_Y) + LENGTH (SCRATCH_Y))
                0x20041000                __StackOneBottom = (__StackOneTop - SIZEOF (.stack1_dummy))
                0x20041800                __StackBottom = (__StackTop - SIZEOF (.stack_dummy))
                0x20042000                PROVIDE (__stack = __StackTop)
                [!provide]                PROVIDE (__heap_start = __end__)
                [!provide]                PROVIDE (__heap_end = __HeapLimit)
                [!provide]                PROVIDE (__tls_align = MAX (ALIGNOF (.tdata), ALIGNOF (.tbss)))
                [!provide]                PROVIDE (__tls_size_align = (((__tls_size + __tls_align) - 0x1) & ~ ((__tls_align - 0x1))))
                [!provide]                PROVIDE (__arm32_tls_tcb_offset = MAX (0x8, __tls_align))
                [!provide]                PROVIDE (_end = __end__)
                [!provide]                PROVIDE (__llvm_libc_heap_limit = __HeapLimit)
                0x00000001                ASSERT ((__StackLimit >= __HeapLimit), region RAM overflowed)
                0x00000001                ASSERT (((__binary_info_header_end - __logical_binary_start) <= 0x100), Binary info must be in first 256 bytes of the binary)
LOAD CMakeFiles/full_pico_smart_light.dir/src/main.cpp.obj
LOAD CMakeFiles/full_pico_smart_light.dir/src/LightSensor.cpp.obj
LOAD CMakeFiles/full_pico_smart_light.dir/src/ServoController.cpp.obj
LOAD CMakeFiles/full_pico_smart_light.dir/src/UltrasonicSensor.cpp.obj
LOAD CMakeFiles/full_pico_smart_light.dir/src/LedController.cpp.obj
LOAD CMakeFiles/full_pico_smart_light.dir/D_/Repositories/pico/pico-sdk/src/rp2_common/pico_stdlib/stdlib.c.obj
LOAD CMakeFiles/full_pico_smart_light.dir/D_/Repositories/pico/pico-sdk/src/rp2_common/hardware_gpio/gpio.c.obj
LOAD CMakeFiles/full_pico_smart_light.dir/D_/Repositories/pico/pico-sdk/src/rp2040/pico_platform/platform.c.obj
LOAD CMakeFiles/full_pico_smart_light.dir/D_/Repositories/pico/pico-sdk/src/rp2_common/pico_platform_common/common.c.obj
LOAD CMakeFiles/full_pico_smart_light.dir/D_/Repositories/pico/pico-sdk/src/rp2_common/pico_platform_panic/panic.c.obj
LOAD CMakeFiles/full_pico_smart_light.dir/D_/Repositories/pico/pico-sdk/src/common/hardware_claim/claim.c.obj
LOAD CMakeFiles/full_pico_smart_light.dir/D_/Repositories/pico/pico-sdk/src/rp2_common/hardware_sync/sync.c.obj
LOAD CMakeFiles/full_pico_smart_light.dir/D_/Repositories/pico/pico-sdk/src/rp2_common/hardware_sync_spin_lock/sync_spin_lock.c.obj
LOAD CMakeFiles/full_pico_smart_light.dir/D_/Repositories/pico/pico-sdk/src/rp2_common/hardware_irq/irq.c.obj
LOAD CMakeFiles/full_pico_smart_light.dir/D_/Repositories/pico/pico-sdk/src/rp2_common/hardware_irq/irq_handler_chain.S.obj
LOAD CMakeFiles/full_pico_smart_light.dir/D_/Repositories/pico/pico-sdk/src/common/pico_sync/sem.c.obj
LOAD CMakeFiles/full_pico_smart_light.dir/D_/Repositories/pico/pico-sdk/src/common/pico_sync/lock_core.c.obj
LOAD CMakeFiles/full_pico_smart_light.dir/D_/Repositories/pico/pico-sdk/src/common/pico_sync/mutex.c.obj
LOAD CMakeFiles/full_pico_smart_light.dir/D_/Repositories/pico/pico-sdk/src/common/pico_sync/critical_section.c.obj
LOAD CMakeFiles/full_pico_smart_light.dir/D_/Repositories/pico/pico-sdk/src/common/pico_time/time.c.obj
LOAD CMakeFiles/full_pico_smart_light.dir/D_/Repositories/pico/pico-sdk/src/common/pico_time/timeout_helper.c.obj
LOAD CMakeFiles/full_pico_smart_light.dir/D_/Repositories/pico/pico-sdk/src/rp2_common/hardware_timer/timer.c.obj
LOAD CMakeFiles/full_pico_smart_light.dir/D_/Repositories/pico/pico-sdk/src/common/pico_util/datetime.c.obj
LOAD CMakeFiles/full_pico_smart_light.dir/D_/Repositories/pico/pico-sdk/src/common/pico_util/pheap.c.obj
LOAD CMakeFiles/full_pico_smart_light.dir/D_/Repositories/pico/pico-sdk/src/common/pico_util/queue.c.obj
LOAD CMakeFiles/full_pico_smart_light.dir/D_/Repositories/pico/pico-sdk/src/rp2_common/hardware_uart/uart.c.obj
LOAD CMakeFiles/full_pico_smart_light.dir/D_/Repositories/pico/pico-sdk/src/rp2_common/hardware_clocks/clocks.c.obj
LOAD CMakeFiles/full_pico_smart_light.dir/D_/Repositories/pico/pico-sdk/src/rp2_common/hardware_pll/pll.c.obj
LOAD CMakeFiles/full_pico_smart_light.dir/D_/Repositories/pico/pico-sdk/src/rp2_common/hardware_vreg/vreg.c.obj
LOAD CMakeFiles/full_pico_smart_light.dir/D_/Repositories/pico/pico-sdk/src/rp2_common/hardware_watchdog/watchdog.c.obj
LOAD CMakeFiles/full_pico_smart_light.dir/D_/Repositories/pico/pico-sdk/src/rp2_common/hardware_ticks/ticks.c.obj
LOAD CMakeFiles/full_pico_smart_light.dir/D_/Repositories/pico/pico-sdk/src/rp2_common/pico_bootrom/bootrom.c.obj
LOAD CMakeFiles/full_pico_smart_light.dir/D_/Repositories/pico/pico-sdk/src/rp2_common/pico_bootrom/bootrom_lock.c.obj
LOAD CMakeFiles/full_pico_smart_light.dir/D_/Repositories/pico/pico-sdk/src/rp2_common/hardware_boot_lock/boot_lock.c.obj
LOAD CMakeFiles/full_pico_smart_light.dir/D_/Repositories/pico/pico-sdk/src/rp2_common/pico_flash/flash.c.obj
LOAD CMakeFiles/full_pico_smart_light.dir/D_/Repositories/pico/pico-sdk/src/rp2_common/hardware_xosc/xosc.c.obj
LOAD CMakeFiles/full_pico_smart_light.dir/D_/Repositories/pico/pico-sdk/src/rp2_common/hardware_divider/divider.S.obj
LOAD CMakeFiles/full_pico_smart_light.dir/D_/Repositories/pico/pico-sdk/src/rp2_common/pico_runtime/runtime.c.obj
LOAD CMakeFiles/full_pico_smart_light.dir/D_/Repositories/pico/pico-sdk/src/rp2_common/pico_runtime_init/runtime_init.c.obj
LOAD CMakeFiles/full_pico_smart_light.dir/D_/Repositories/pico/pico-sdk/src/rp2_common/pico_runtime_init/runtime_init_clocks.c.obj
LOAD CMakeFiles/full_pico_smart_light.dir/D_/Repositories/pico/pico-sdk/src/rp2_common/pico_runtime_init/runtime_init_stack_guard.c.obj
LOAD CMakeFiles/full_pico_smart_light.dir/D_/Repositories/pico/pico-sdk/src/rp2_common/pico_bit_ops/bit_ops_aeabi.S.obj
LOAD CMakeFiles/full_pico_smart_light.dir/D_/Repositories/pico/pico-sdk/src/rp2_common/pico_divider/divider_hardware.S.obj
LOAD CMakeFiles/full_pico_smart_light.dir/D_/Repositories/pico/pico-sdk/src/rp2_common/pico_double/double_aeabi_rp2040.S.obj
LOAD CMakeFiles/full_pico_smart_light.dir/D_/Repositories/pico/pico-sdk/src/rp2_common/pico_double/double_init_rom_rp2040.c.obj
LOAD CMakeFiles/full_pico_smart_light.dir/D_/Repositories/pico/pico-sdk/src/rp2_common/pico_double/double_math.c.obj
LOAD CMakeFiles/full_pico_smart_light.dir/D_/Repositories/pico/pico-sdk/src/rp2_common/pico_double/double_v1_rom_shim_rp2040.S.obj
LOAD CMakeFiles/full_pico_smart_light.dir/D_/Repositories/pico/pico-sdk/src/rp2_common/pico_int64_ops/pico_int64_ops_aeabi.S.obj
LOAD CMakeFiles/full_pico_smart_light.dir/D_/Repositories/pico/pico-sdk/src/rp2_common/pico_float/float_aeabi_rp2040.S.obj
LOAD CMakeFiles/full_pico_smart_light.dir/D_/Repositories/pico/pico-sdk/src/rp2_common/pico_float/float_init_rom_rp2040.c.obj
LOAD CMakeFiles/full_pico_smart_light.dir/D_/Repositories/pico/pico-sdk/src/rp2_common/pico_float/float_math.c.obj
LOAD CMakeFiles/full_pico_smart_light.dir/D_/Repositories/pico/pico-sdk/src/rp2_common/pico_float/float_v1_rom_shim_rp2040.S.obj
LOAD CMakeFiles/full_pico_smart_light.dir/D_/Repositories/pico/pico-sdk/src/rp2_common/pico_malloc/malloc.c.obj
LOAD CMakeFiles/full_pico_smart_light.dir/D_/Repositories/pico/pico-sdk/src/rp2_common/pico_mem_ops/mem_ops_aeabi.S.obj
LOAD CMakeFiles/full_pico_smart_light.dir/D_/Repositories/pico/pico-sdk/src/rp2_common/pico_atomic/atomic.c.obj
LOAD CMakeFiles/full_pico_smart_light.dir/D_/Repositories/pico/pico-sdk/src/rp2_common/pico_cxx_options/new_delete.cpp.obj
LOAD CMakeFiles/full_pico_smart_light.dir/D_/Repositories/pico/pico-sdk/src/rp2_common/pico_standard_binary_info/standard_binary_info.c.obj
LOAD CMakeFiles/full_pico_smart_light.dir/D_/Repositories/pico/pico-sdk/src/rp2_common/pico_printf/printf.c.obj
LOAD CMakeFiles/full_pico_smart_light.dir/D_/Repositories/pico/pico-sdk/src/rp2_common/pico_crt0/crt0.S.obj
LOAD CMakeFiles/full_pico_smart_light.dir/D_/Repositories/pico/pico-sdk/src/rp2_common/pico_clib_interface/newlib_interface.c.obj
LOAD CMakeFiles/full_pico_smart_light.dir/D_/Repositories/pico/pico-sdk/src/rp2_common/pico_stdio/stdio.c.obj
LOAD CMakeFiles/full_pico_smart_light.dir/D_/Repositories/pico/pico-sdk/src/rp2_common/pico_stdio_uart/stdio_uart.c.obj
LOAD CMakeFiles/full_pico_smart_light.dir/D_/Repositories/pico/pico-sdk/src/rp2_common/hardware_adc/adc.c.obj
LOAD CMakeFiles/full_pico_smart_light.dir/D_/Repositories/pico/pico-sdk/src/rp2_common/hardware_pio/pio.c.obj
LOAD pico-sdk\src\rp2040\boot_stage2\CMakeFiles\bs2_default_library.dir\bs2_default_padded_checksummed.S.obj
LOAD d:/program files/gnu arm embedded toolchain/10 2021.10/bin/../lib/gcc/arm-none-eabi/10.3.1/../../../../arm-none-eabi/lib/thumb/v6-m/nofp\libstdc++.a
LOAD d:/program files/gnu arm embedded toolchain/10 2021.10/bin/../lib/gcc/arm-none-eabi/10.3.1/../../../../arm-none-eabi/lib/thumb/v6-m/nofp\libm.a
START GROUP
LOAD d:/program files/gnu arm embedded toolchain/10 2021.10/bin/../lib/gcc/arm-none-eabi/10.3.1/thumb/v6-m/nofp\libgcc.a
LOAD d:/program files/gnu arm embedded toolchain/10 2021.10/bin/../lib/gcc/arm-none-eabi/10.3.1/../../../../arm-none-eabi/lib/thumb/v6-m/nofp\libg.a
LOAD d:/program files/gnu arm embedded toolchain/10 2021.10/bin/../lib/gcc/arm-none-eabi/10.3.1/../../../../arm-none-eabi/lib/thumb/v6-m/nofp\libc.a
END GROUP
START GROUP
LOAD d:/program files/gnu arm embedded toolchain/10 2021.10/bin/../lib/gcc/arm-none-eabi/10.3.1/thumb/v6-m/nofp\libgcc.a
LOAD d:/program files/gnu arm embedded toolchain/10 2021.10/bin/../lib/gcc/arm-none-eabi/10.3.1/../../../../arm-none-eabi/lib/thumb/v6-m/nofp\libc.a
LOAD d:/program files/gnu arm embedded toolchain/10 2021.10/bin/../lib/gcc/arm-none-eabi/10.3.1/../../../../arm-none-eabi/lib/thumb/v6-m/nofp\libnosys.a
END GROUP
LOAD d:/program files/gnu arm embedded toolchain/10 2021.10/bin/../lib/gcc/arm-none-eabi/10.3.1/thumb/v6-m/nofp/crtend.o
LOAD d:/program files/gnu arm embedded toolchain/10 2021.10/bin/../lib/gcc/arm-none-eabi/10.3.1/thumb/v6-m/nofp/crtn.o
OUTPUT(full_pico_smart_light.elf elf32-littlearm)
LOAD linker stubs

.ARM.attributes
                0x00000000       0x28
 .ARM.attributes
                0x00000000       0x1e d:/program files/gnu arm embedded toolchain/10 2021.10/bin/../lib/gcc/arm-none-eabi/10.3.1/thumb/v6-m/nofp/crti.o
 .ARM.attributes
                0x0000001e       0x2c d:/program files/gnu arm embedded toolchain/10 2021.10/bin/../lib/gcc/arm-none-eabi/10.3.1/thumb/v6-m/nofp/crtbegin.o
 .ARM.attributes
                0x0000004a       0x2c CMakeFiles/full_pico_smart_light.dir/src/main.cpp.obj
 .ARM.attributes
                0x00000076       0x2c CMakeFiles/full_pico_smart_light.dir/src/LightSensor.cpp.obj
 .ARM.attributes
                0x000000a2       0x2c CMakeFiles/full_pico_smart_light.dir/src/ServoController.cpp.obj
 .ARM.attributes
                0x000000ce       0x2c CMakeFiles/full_pico_smart_light.dir/src/UltrasonicSensor.cpp.obj
 .ARM.attributes
                0x000000fa       0x2c CMakeFiles/full_pico_smart_light.dir/src/LedController.cpp.obj
 .ARM.attributes
                0x00000126       0x2c CMakeFiles/full_pico_smart_light.dir/D_/Repositories/pico/pico-sdk/src/rp2_common/hardware_gpio/gpio.c.obj
 .ARM.attributes
                0x00000152       0x2c CMakeFiles/full_pico_smart_light.dir/D_/Repositories/pico/pico-sdk/src/rp2_common/pico_platform_panic/panic.c.obj
 .ARM.attributes
                0x0000017e       0x2c CMakeFiles/full_pico_smart_light.dir/D_/Repositories/pico/pico-sdk/src/common/hardware_claim/claim.c.obj
 .ARM.attributes
                0x000001aa       0x2c CMakeFiles/full_pico_smart_light.dir/D_/Repositories/pico/pico-sdk/src/rp2_common/hardware_sync/sync.c.obj
 .ARM.attributes
                0x000001d6       0x2c CMakeFiles/full_pico_smart_light.dir/D_/Repositories/pico/pico-sdk/src/rp2_common/hardware_sync_spin_lock/sync_spin_lock.c.obj
 .ARM.attributes
                0x00000202       0x2c CMakeFiles/full_pico_smart_light.dir/D_/Repositories/pico/pico-sdk/src/rp2_common/hardware_irq/irq.c.obj
 .ARM.attributes
                0x0000022e       0x22 CMakeFiles/full_pico_smart_light.dir/D_/Repositories/pico/pico-sdk/src/rp2_common/hardware_irq/irq_handler_chain.S.obj
 .ARM.attributes
                0x00000250       0x2c CMakeFiles/full_pico_smart_light.dir/D_/Repositories/pico/pico-sdk/src/common/pico_sync/lock_core.c.obj
 .ARM.attributes
                0x0000027c       0x2c CMakeFiles/full_pico_smart_light.dir/D_/Repositories/pico/pico-sdk/src/common/pico_sync/mutex.c.obj
 .ARM.attributes
                0x000002a8       0x2c CMakeFiles/full_pico_smart_light.dir/D_/Repositories/pico/pico-sdk/src/common/pico_time/time.c.obj
 .ARM.attributes
                0x000002d4       0x2c CMakeFiles/full_pico_smart_light.dir/D_/Repositories/pico/pico-sdk/src/rp2_common/hardware_timer/timer.c.obj
 .ARM.attributes
                0x00000300       0x2c CMakeFiles/full_pico_smart_light.dir/D_/Repositories/pico/pico-sdk/src/rp2_common/hardware_uart/uart.c.obj
 .ARM.attributes
                0x0000032c       0x2c CMakeFiles/full_pico_smart_light.dir/D_/Repositories/pico/pico-sdk/src/rp2_common/hardware_clocks/clocks.c.obj
 .ARM.attributes
                0x00000358       0x2c CMakeFiles/full_pico_smart_light.dir/D_/Repositories/pico/pico-sdk/src/rp2_common/hardware_pll/pll.c.obj
 .ARM.attributes
                0x00000384       0x2c CMakeFiles/full_pico_smart_light.dir/D_/Repositories/pico/pico-sdk/src/rp2_common/hardware_ticks/ticks.c.obj
 .ARM.attributes
                0x000003b0       0x2c CMakeFiles/full_pico_smart_light.dir/D_/Repositories/pico/pico-sdk/src/rp2_common/pico_bootrom/bootrom.c.obj
 .ARM.attributes
                0x000003dc       0x2c CMakeFiles/full_pico_smart_light.dir/D_/Repositories/pico/pico-sdk/src/rp2_common/hardware_xosc/xosc.c.obj
 .ARM.attributes
                0x00000408       0x2c CMakeFiles/full_pico_smart_light.dir/D_/Repositories/pico/pico-sdk/src/rp2_common/pico_runtime/runtime.c.obj
 .ARM.attributes
                0x00000434       0x2c CMakeFiles/full_pico_smart_light.dir/D_/Repositories/pico/pico-sdk/src/rp2_common/pico_runtime_init/runtime_init.c.obj
 .ARM.attributes
                0x00000460       0x2c CMakeFiles/full_pico_smart_light.dir/D_/Repositories/pico/pico-sdk/src/rp2_common/pico_runtime_init/runtime_init_clocks.c.obj
 .ARM.attributes
                0x0000048c       0x22 CMakeFiles/full_pico_smart_light.dir/D_/Repositories/pico/pico-sdk/src/rp2_common/pico_bit_ops/bit_ops_aeabi.S.obj
 .ARM.attributes
                0x000004ae       0x22 CMakeFiles/full_pico_smart_light.dir/D_/Repositories/pico/pico-sdk/src/rp2_common/pico_divider/divider_hardware.S.obj
 .ARM.attributes
                0x000004d0       0x22 CMakeFiles/full_pico_smart_light.dir/D_/Repositories/pico/pico-sdk/src/rp2_common/pico_double/double_aeabi_rp2040.S.obj
 .ARM.attributes
                0x000004f2       0x2c CMakeFiles/full_pico_smart_light.dir/D_/Repositories/pico/pico-sdk/src/rp2_common/pico_double/double_init_rom_rp2040.c.obj
 .ARM.attributes
                0x0000051e       0x22 CMakeFiles/full_pico_smart_light.dir/D_/Repositories/pico/pico-sdk/src/rp2_common/pico_double/double_v1_rom_shim_rp2040.S.obj
 .ARM.attributes
                0x00000540       0x22 CMakeFiles/full_pico_smart_light.dir/D_/Repositories/pico/pico-sdk/src/rp2_common/pico_int64_ops/pico_int64_ops_aeabi.S.obj
 .ARM.attributes
                0x00000562       0x22 CMakeFiles/full_pico_smart_light.dir/D_/Repositories/pico/pico-sdk/src/rp2_common/pico_float/float_aeabi_rp2040.S.obj
 .ARM.attributes
                0x00000584       0x2c CMakeFiles/full_pico_smart_light.dir/D_/Repositories/pico/pico-sdk/src/rp2_common/pico_float/float_init_rom_rp2040.c.obj
 .ARM.attributes
                0x000005b0       0x2c CMakeFiles/full_pico_smart_light.dir/D_/Repositories/pico/pico-sdk/src/rp2_common/pico_float/float_math.c.obj
 .ARM.attributes
                0x000005dc       0x22 CMakeFiles/full_pico_smart_light.dir/D_/Repositories/pico/pico-sdk/src/rp2_common/pico_float/float_v1_rom_shim_rp2040.S.obj
 .ARM.attributes
                0x000005fe       0x22 CMakeFiles/full_pico_smart_light.dir/D_/Repositories/pico/pico-sdk/src/rp2_common/pico_mem_ops/mem_ops_aeabi.S.obj
 .ARM.attributes
                0x00000620       0x2c CMakeFiles/full_pico_smart_light.dir/D_/Repositories/pico/pico-sdk/src/rp2_common/pico_standard_binary_info/standard_binary_info.c.obj
 .ARM.attributes
                0x0000064c       0x2c CMakeFiles/full_pico_smart_light.dir/D_/Repositories/pico/pico-sdk/src/rp2_common/pico_printf/printf.c.obj
 .ARM.attributes
                0x00000678       0x22 CMakeFiles/full_pico_smart_light.dir/D_/Repositories/pico/pico-sdk/src/rp2_common/pico_crt0/crt0.S.obj
 .ARM.attributes
                0x0000069a       0x2c CMakeFiles/full_pico_smart_light.dir/D_/Repositories/pico/pico-sdk/src/rp2_common/pico_clib_interface/newlib_interface.c.obj
 .ARM.attributes
                0x000006c6       0x2c CMakeFiles/full_pico_smart_light.dir/D_/Repositories/pico/pico-sdk/src/rp2_common/pico_stdio/stdio.c.obj
 .ARM.attributes
                0x000006f2       0x2c CMakeFiles/full_pico_smart_light.dir/D_/Repositories/pico/pico-sdk/src/rp2_common/pico_stdio_uart/stdio_uart.c.obj
 .ARM.attributes
                0x0000071e       0x2c CMakeFiles/full_pico_smart_light.dir/D_/Repositories/pico/pico-sdk/src/rp2_common/hardware_adc/adc.c.obj
 .ARM.attributes
                0x0000074a       0x2c CMakeFiles/full_pico_smart_light.dir/D_/Repositories/pico/pico-sdk/src/rp2_common/hardware_pio/pio.c.obj
 .ARM.attributes
                0x00000776       0x22 pico-sdk\src\rp2040\boot_stage2\CMakeFiles\bs2_default_library.dir\bs2_default_padded_checksummed.S.obj
 .ARM.attributes
                0x00000798       0x1e d:/program files/gnu arm embedded toolchain/10 2021.10/bin/../lib/gcc/arm-none-eabi/10.3.1/thumb/v6-m/nofp\libgcc.a(_dvmd_tls.o)
 .ARM.attributes
                0x000007b6       0x2c d:/program files/gnu arm embedded toolchain/10 2021.10/bin/../lib/gcc/arm-none-eabi/10.3.1/../../../../arm-none-eabi/lib/thumb/v6-m/nofp\libg.a(lib_a-impure.o)
 .ARM.attributes
                0x000007e2       0x2c d:/program files/gnu arm embedded toolchain/10 2021.10/bin/../lib/gcc/arm-none-eabi/10.3.1/../../../../arm-none-eabi/lib/thumb/v6-m/nofp\libg.a(lib_a-rand.o)
 .ARM.attributes
                0x0000080e       0x2c d:/program files/gnu arm embedded toolchain/10 2021.10/bin/../lib/gcc/arm-none-eabi/10.3.1/../../../../arm-none-eabi/lib/thumb/v6-m/nofp\libg.a(lib_a-strlen-stub.o)

.comment        0x00000000       0x49
 .comment       0x00000000       0x49 CMakeFiles/full_pico_smart_light.dir/src/main.cpp.obj
                                 0x4a (size before relaxing)
 .comment       0x00000049       0x4a CMakeFiles/full_pico_smart_light.dir/src/LightSensor.cpp.obj
 .comment       0x00000049       0x4a CMakeFiles/full_pico_smart_light.dir/src/ServoController.cpp.obj
 .comment       0x00000049       0x4a CMakeFiles/full_pico_smart_light.dir/src/UltrasonicSensor.cpp.obj
 .comment       0x00000049       0x4a CMakeFiles/full_pico_smart_light.dir/src/LedController.cpp.obj
 .comment       0x00000049       0x4a CMakeFiles/full_pico_smart_light.dir/D_/Repositories/pico/pico-sdk/src/rp2_common/hardware_gpio/gpio.c.obj
 .comment       0x00000049       0x4a CMakeFiles/full_pico_smart_light.dir/D_/Repositories/pico/pico-sdk/src/rp2_common/pico_platform_panic/panic.c.obj
 .comment       0x00000049       0x4a CMakeFiles/full_pico_smart_light.dir/D_/Repositories/pico/pico-sdk/src/common/hardware_claim/claim.c.obj
 .comment       0x00000049       0x4a CMakeFiles/full_pico_smart_light.dir/D_/Repositories/pico/pico-sdk/src/rp2_common/hardware_sync/sync.c.obj
 .comment       0x00000049       0x4a CMakeFiles/full_pico_smart_light.dir/D_/Repositories/pico/pico-sdk/src/rp2_common/hardware_sync_spin_lock/sync_spin_lock.c.obj
 .comment       0x00000049       0x4a CMakeFiles/full_pico_smart_light.dir/D_/Repositories/pico/pico-sdk/src/rp2_common/hardware_irq/irq.c.obj
 .comment       0x00000049       0x4a CMakeFiles/full_pico_smart_light.dir/D_/Repositories/pico/pico-sdk/src/common/pico_sync/lock_core.c.obj
 .comment       0x00000049       0x4a CMakeFiles/full_pico_smart_light.dir/D_/Repositories/pico/pico-sdk/src/common/pico_sync/mutex.c.obj
 .comment       0x00000049       0x4a CMakeFiles/full_pico_smart_light.dir/D_/Repositories/pico/pico-sdk/src/common/pico_time/time.c.obj
 .comment       0x00000049       0x4a CMakeFiles/full_pico_smart_light.dir/D_/Repositories/pico/pico-sdk/src/rp2_common/hardware_timer/timer.c.obj
 .comment       0x00000049       0x4a CMakeFiles/full_pico_smart_light.dir/D_/Repositories/pico/pico-sdk/src/rp2_common/hardware_uart/uart.c.obj
 .comment       0x00000049       0x4a CMakeFiles/full_pico_smart_light.dir/D_/Repositories/pico/pico-sdk/src/rp2_common/hardware_clocks/clocks.c.obj
 .comment       0x00000049       0x4a CMakeFiles/full_pico_smart_light.dir/D_/Repositories/pico/pico-sdk/src/rp2_common/hardware_pll/pll.c.obj
 .comment       0x00000049       0x4a CMakeFiles/full_pico_smart_light.dir/D_/Repositories/pico/pico-sdk/src/rp2_common/hardware_ticks/ticks.c.obj
 .comment       0x00000049       0x4a CMakeFiles/full_pico_smart_light.dir/D_/Repositories/pico/pico-sdk/src/rp2_common/pico_bootrom/bootrom.c.obj
 .comment       0x00000049       0x4a CMakeFiles/full_pico_smart_light.dir/D_/Repositories/pico/pico-sdk/src/rp2_common/hardware_xosc/xosc.c.obj
 .comment       0x00000049       0x4a CMakeFiles/full_pico_smart_light.dir/D_/Repositories/pico/pico-sdk/src/rp2_common/pico_runtime/runtime.c.obj
 .comment       0x00000049       0x4a CMakeFiles/full_pico_smart_light.dir/D_/Repositories/pico/pico-sdk/src/rp2_common/pico_runtime_init/runtime_init.c.obj
 .comment       0x00000049       0x4a CMakeFiles/full_pico_smart_light.dir/D_/Repositories/pico/pico-sdk/src/rp2_common/pico_runtime_init/runtime_init_clocks.c.obj
 .comment       0x00000049       0x4a CMakeFiles/full_pico_smart_light.dir/D_/Repositories/pico/pico-sdk/src/rp2_common/pico_double/double_init_rom_rp2040.c.obj
 .comment       0x00000049       0x4a CMakeFiles/full_pico_smart_light.dir/D_/Repositories/pico/pico-sdk/src/rp2_common/pico_float/float_init_rom_rp2040.c.obj
 .comment       0x00000049       0x4a CMakeFiles/full_pico_smart_light.dir/D_/Repositories/pico/pico-sdk/src/rp2_common/pico_float/float_math.c.obj
 .comment       0x00000049       0x4a CMakeFiles/full_pico_smart_light.dir/D_/Repositories/pico/pico-sdk/src/rp2_common/pico_standard_binary_info/standard_binary_info.c.obj
 .comment       0x00000049       0x4a CMakeFiles/full_pico_smart_light.dir/D_/Repositories/pico/pico-sdk/src/rp2_common/pico_printf/printf.c.obj
 .comment       0x00000049       0x4a CMakeFiles/full_pico_smart_light.dir/D_/Repositories/pico/pico-sdk/src/rp2_common/pico_clib_interface/newlib_interface.c.obj
 .comment       0x00000049       0x4a CMakeFiles/full_pico_smart_light.dir/D_/Repositories/pico/pico-sdk/src/rp2_common/pico_stdio/stdio.c.obj
 .comment       0x00000049       0x4a CMakeFiles/full_pico_smart_light.dir/D_/Repositories/pico/pico-sdk/src/rp2_common/pico_stdio_uart/stdio_uart.c.obj
 .comment       0x00000049       0x4a CMakeFiles/full_pico_smart_light.dir/D_/Repositories/pico/pico-sdk/src/rp2_common/hardware_adc/adc.c.obj
 .comment       0x00000049       0x4a CMakeFiles/full_pico_smart_light.dir/D_/Repositories/pico/pico-sdk/src/rp2_common/hardware_pio/pio.c.obj

.debug_info     0x00000000    0x2b404
 .debug_info    0x00000000     0x154c CMakeFiles/full_pico_smart_light.dir/src/main.cpp.obj
 .debug_info    0x0000154c      0x8cc CMakeFiles/full_pico_smart_light.dir/src/LightSensor.cpp.obj
 .debug_info    0x00001e18      0xe4c CMakeFiles/full_pico_smart_light.dir/src/ServoController.cpp.obj
 .debug_info    0x00002c64      0xddf CMakeFiles/full_pico_smart_light.dir/src/UltrasonicSensor.cpp.obj
 .debug_info    0x00003a43     0x3cf7 CMakeFiles/full_pico_smart_light.dir/src/LedController.cpp.obj
 .debug_info    0x0000773a     0x24fa CMakeFiles/full_pico_smart_light.dir/D_/Repositories/pico/pico-sdk/src/rp2_common/hardware_gpio/gpio.c.obj
 .debug_info    0x00009c34      0x19c CMakeFiles/full_pico_smart_light.dir/D_/Repositories/pico/pico-sdk/src/rp2_common/pico_platform_panic/panic.c.obj
 .debug_info    0x00009dd0      0xa53 CMakeFiles/full_pico_smart_light.dir/D_/Repositories/pico/pico-sdk/src/common/hardware_claim/claim.c.obj
 .debug_info    0x0000a823      0x3f5 CMakeFiles/full_pico_smart_light.dir/D_/Repositories/pico/pico-sdk/src/rp2_common/hardware_sync/sync.c.obj
 .debug_info    0x0000ac18      0x24e CMakeFiles/full_pico_smart_light.dir/D_/Repositories/pico/pico-sdk/src/rp2_common/hardware_sync_spin_lock/sync_spin_lock.c.obj
 .debug_info    0x0000ae66     0x22d3 CMakeFiles/full_pico_smart_light.dir/D_/Repositories/pico/pico-sdk/src/rp2_common/hardware_irq/irq.c.obj
 .debug_info    0x0000d139      0x160 CMakeFiles/full_pico_smart_light.dir/D_/Repositories/pico/pico-sdk/src/common/pico_sync/lock_core.c.obj
 .debug_info    0x0000d299     0x2b05 CMakeFiles/full_pico_smart_light.dir/D_/Repositories/pico/pico-sdk/src/common/pico_sync/mutex.c.obj
 .debug_info    0x0000fd9e     0x4a13 CMakeFiles/full_pico_smart_light.dir/D_/Repositories/pico/pico-sdk/src/common/pico_time/time.c.obj
 .debug_info    0x000147b1     0x2b24 CMakeFiles/full_pico_smart_light.dir/D_/Repositories/pico/pico-sdk/src/rp2_common/hardware_timer/timer.c.obj
 .debug_info    0x000172d5     0x1a01 CMakeFiles/full_pico_smart_light.dir/D_/Repositories/pico/pico-sdk/src/rp2_common/hardware_uart/uart.c.obj
 .debug_info    0x00018cd6     0x29cd CMakeFiles/full_pico_smart_light.dir/D_/Repositories/pico/pico-sdk/src/rp2_common/hardware_clocks/clocks.c.obj
 .debug_info    0x0001b6a3      0x511 CMakeFiles/full_pico_smart_light.dir/D_/Repositories/pico/pico-sdk/src/rp2_common/hardware_pll/pll.c.obj
 .debug_info    0x0001bbb4      0x25a CMakeFiles/full_pico_smart_light.dir/D_/Repositories/pico/pico-sdk/src/rp2_common/hardware_ticks/ticks.c.obj
 .debug_info    0x0001be0e      0x516 CMakeFiles/full_pico_smart_light.dir/D_/Repositories/pico/pico-sdk/src/rp2_common/pico_bootrom/bootrom.c.obj
 .debug_info    0x0001c324      0x1e1 CMakeFiles/full_pico_smart_light.dir/D_/Repositories/pico/pico-sdk/src/rp2_common/hardware_xosc/xosc.c.obj
 .debug_info    0x0001c505      0x214 CMakeFiles/full_pico_smart_light.dir/D_/Repositories/pico/pico-sdk/src/rp2_common/pico_runtime/runtime.c.obj
 .debug_info    0x0001c719      0x82a CMakeFiles/full_pico_smart_light.dir/D_/Repositories/pico/pico-sdk/src/rp2_common/pico_runtime_init/runtime_init.c.obj
 .debug_info    0x0001cf43      0x719 CMakeFiles/full_pico_smart_light.dir/D_/Repositories/pico/pico-sdk/src/rp2_common/pico_runtime_init/runtime_init_clocks.c.obj
 .debug_info    0x0001d65c       0x22 CMakeFiles/full_pico_smart_light.dir/D_/Repositories/pico/pico-sdk/src/rp2_common/pico_bit_ops/bit_ops_aeabi.S.obj
 .debug_info    0x0001d67e       0x22 CMakeFiles/full_pico_smart_light.dir/D_/Repositories/pico/pico-sdk/src/rp2_common/pico_divider/divider_hardware.S.obj
 .debug_info    0x0001d6a0       0x22 CMakeFiles/full_pico_smart_light.dir/D_/Repositories/pico/pico-sdk/src/rp2_common/pico_double/double_aeabi_rp2040.S.obj
 .debug_info    0x0001d6c2      0x23c CMakeFiles/full_pico_smart_light.dir/D_/Repositories/pico/pico-sdk/src/rp2_common/pico_double/double_init_rom_rp2040.c.obj
 .debug_info    0x0001d8fe       0x22 CMakeFiles/full_pico_smart_light.dir/D_/Repositories/pico/pico-sdk/src/rp2_common/pico_double/double_v1_rom_shim_rp2040.S.obj
 .debug_info    0x0001d920       0x26 CMakeFiles/full_pico_smart_light.dir/D_/Repositories/pico/pico-sdk/src/rp2_common/pico_int64_ops/pico_int64_ops_aeabi.S.obj
 .debug_info    0x0001d946       0x22 CMakeFiles/full_pico_smart_light.dir/D_/Repositories/pico/pico-sdk/src/rp2_common/pico_float/float_aeabi_rp2040.S.obj
 .debug_info    0x0001d968      0x246 CMakeFiles/full_pico_smart_light.dir/D_/Repositories/pico/pico-sdk/src/rp2_common/pico_float/float_init_rom_rp2040.c.obj
 .debug_info    0x0001dbae     0x3c91 CMakeFiles/full_pico_smart_light.dir/D_/Repositories/pico/pico-sdk/src/rp2_common/pico_float/float_math.c.obj
 .debug_info    0x0002183f       0x22 CMakeFiles/full_pico_smart_light.dir/D_/Repositories/pico/pico-sdk/src/rp2_common/pico_float/float_v1_rom_shim_rp2040.S.obj
 .debug_info    0x00021861       0x22 CMakeFiles/full_pico_smart_light.dir/D_/Repositories/pico/pico-sdk/src/rp2_common/pico_mem_ops/mem_ops_aeabi.S.obj
 .debug_info    0x00021883      0x2fb CMakeFiles/full_pico_smart_light.dir/D_/Repositories/pico/pico-sdk/src/rp2_common/pico_standard_binary_info/standard_binary_info.c.obj
 .debug_info    0x00021b7e     0x21c9 CMakeFiles/full_pico_smart_light.dir/D_/Repositories/pico/pico-sdk/src/rp2_common/pico_printf/printf.c.obj
 .debug_info    0x00023d47       0x22 CMakeFiles/full_pico_smart_light.dir/D_/Repositories/pico/pico-sdk/src/rp2_common/pico_crt0/crt0.S.obj
 .debug_info    0x00023d69      0xbbb CMakeFiles/full_pico_smart_light.dir/D_/Repositories/pico/pico-sdk/src/rp2_common/pico_clib_interface/newlib_interface.c.obj
 .debug_info    0x00024924     0x1cef CMakeFiles/full_pico_smart_light.dir/D_/Repositories/pico/pico-sdk/src/rp2_common/pico_stdio/stdio.c.obj
 .debug_info    0x00026613     0x1534 CMakeFiles/full_pico_smart_light.dir/D_/Repositories/pico/pico-sdk/src/rp2_common/pico_stdio_uart/stdio_uart.c.obj
 .debug_info    0x00027b47      0x415 CMakeFiles/full_pico_smart_light.dir/D_/Repositories/pico/pico-sdk/src/rp2_common/hardware_adc/adc.c.obj
 .debug_info    0x00027f5c     0x34a8 CMakeFiles/full_pico_smart_light.dir/D_/Repositories/pico/pico-sdk/src/rp2_common/hardware_pio/pio.c.obj

.debug_abbrev   0x00000000     0x68c6
 .debug_abbrev  0x00000000      0x432 CMakeFiles/full_pico_smart_light.dir/src/main.cpp.obj
 .debug_abbrev  0x00000432      0x2de CMakeFiles/full_pico_smart_light.dir/src/LightSensor.cpp.obj
 .debug_abbrev  0x00000710      0x3f4 CMakeFiles/full_pico_smart_light.dir/src/ServoController.cpp.obj
 .debug_abbrev  0x00000b04      0x3d8 CMakeFiles/full_pico_smart_light.dir/src/UltrasonicSensor.cpp.obj
 .debug_abbrev  0x00000edc      0x614 CMakeFiles/full_pico_smart_light.dir/src/LedController.cpp.obj
 .debug_abbrev  0x000014f0      0x4a1 CMakeFiles/full_pico_smart_light.dir/D_/Repositories/pico/pico-sdk/src/rp2_common/hardware_gpio/gpio.c.obj
 .debug_abbrev  0x00001991       0xf4 CMakeFiles/full_pico_smart_light.dir/D_/Repositories/pico/pico-sdk/src/rp2_common/pico_platform_panic/panic.c.obj
 .debug_abbrev  0x00001a85      0x2d3 CMakeFiles/full_pico_smart_light.dir/D_/Repositories/pico/pico-sdk/src/common/hardware_claim/claim.c.obj
 .debug_abbrev  0x00001d58      0x1de CMakeFiles/full_pico_smart_light.dir/D_/Repositories/pico/pico-sdk/src/rp2_common/hardware_sync/sync.c.obj
 .debug_abbrev  0x00001f36      0x1b2 CMakeFiles/full_pico_smart_light.dir/D_/Repositories/pico/pico-sdk/src/rp2_common/hardware_sync_spin_lock/sync_spin_lock.c.obj
 .debug_abbrev  0x000020e8      0x588 CMakeFiles/full_pico_smart_light.dir/D_/Repositories/pico/pico-sdk/src/rp2_common/hardware_irq/irq.c.obj
 .debug_abbrev  0x00002670       0xee CMakeFiles/full_pico_smart_light.dir/D_/Repositories/pico/pico-sdk/src/common/pico_sync/lock_core.c.obj
 .debug_abbrev  0x0000275e      0x413 CMakeFiles/full_pico_smart_light.dir/D_/Repositories/pico/pico-sdk/src/common/pico_sync/mutex.c.obj
 .debug_abbrev  0x00002b71      0x606 CMakeFiles/full_pico_smart_light.dir/D_/Repositories/pico/pico-sdk/src/common/pico_time/time.c.obj
 .debug_abbrev  0x00003177      0x49d CMakeFiles/full_pico_smart_light.dir/D_/Repositories/pico/pico-sdk/src/rp2_common/hardware_timer/timer.c.obj
 .debug_abbrev  0x00003614      0x315 CMakeFiles/full_pico_smart_light.dir/D_/Repositories/pico/pico-sdk/src/rp2_common/hardware_uart/uart.c.obj
 .debug_abbrev  0x00003929      0x4c3 CMakeFiles/full_pico_smart_light.dir/D_/Repositories/pico/pico-sdk/src/rp2_common/hardware_clocks/clocks.c.obj
 .debug_abbrev  0x00003dec      0x1c6 CMakeFiles/full_pico_smart_light.dir/D_/Repositories/pico/pico-sdk/src/rp2_common/hardware_pll/pll.c.obj
 .debug_abbrev  0x00003fb2      0x141 CMakeFiles/full_pico_smart_light.dir/D_/Repositories/pico/pico-sdk/src/rp2_common/hardware_ticks/ticks.c.obj
 .debug_abbrev  0x000040f3      0x1ba CMakeFiles/full_pico_smart_light.dir/D_/Repositories/pico/pico-sdk/src/rp2_common/pico_bootrom/bootrom.c.obj
 .debug_abbrev  0x000042ad      0x11a CMakeFiles/full_pico_smart_light.dir/D_/Repositories/pico/pico-sdk/src/rp2_common/hardware_xosc/xosc.c.obj
 .debug_abbrev  0x000043c7      0x16c CMakeFiles/full_pico_smart_light.dir/D_/Repositories/pico/pico-sdk/src/rp2_common/pico_runtime/runtime.c.obj
 .debug_abbrev  0x00004533      0x250 CMakeFiles/full_pico_smart_light.dir/D_/Repositories/pico/pico-sdk/src/rp2_common/pico_runtime_init/runtime_init.c.obj
 .debug_abbrev  0x00004783      0x246 CMakeFiles/full_pico_smart_light.dir/D_/Repositories/pico/pico-sdk/src/rp2_common/pico_runtime_init/runtime_init_clocks.c.obj
 .debug_abbrev  0x000049c9       0x12 CMakeFiles/full_pico_smart_light.dir/D_/Repositories/pico/pico-sdk/src/rp2_common/pico_bit_ops/bit_ops_aeabi.S.obj
 .debug_abbrev  0x000049db       0x12 CMakeFiles/full_pico_smart_light.dir/D_/Repositories/pico/pico-sdk/src/rp2_common/pico_divider/divider_hardware.S.obj
 .debug_abbrev  0x000049ed       0x12 CMakeFiles/full_pico_smart_light.dir/D_/Repositories/pico/pico-sdk/src/rp2_common/pico_double/double_aeabi_rp2040.S.obj
 .debug_abbrev  0x000049ff      0x15c CMakeFiles/full_pico_smart_light.dir/D_/Repositories/pico/pico-sdk/src/rp2_common/pico_double/double_init_rom_rp2040.c.obj
 .debug_abbrev  0x00004b5b       0x12 CMakeFiles/full_pico_smart_light.dir/D_/Repositories/pico/pico-sdk/src/rp2_common/pico_double/double_v1_rom_shim_rp2040.S.obj
 .debug_abbrev  0x00004b6d       0x14 CMakeFiles/full_pico_smart_light.dir/D_/Repositories/pico/pico-sdk/src/rp2_common/pico_int64_ops/pico_int64_ops_aeabi.S.obj
 .debug_abbrev  0x00004b81       0x12 CMakeFiles/full_pico_smart_light.dir/D_/Repositories/pico/pico-sdk/src/rp2_common/pico_float/float_aeabi_rp2040.S.obj
 .debug_abbrev  0x00004b93      0x15c CMakeFiles/full_pico_smart_light.dir/D_/Repositories/pico/pico-sdk/src/rp2_common/pico_float/float_init_rom_rp2040.c.obj
 .debug_abbrev  0x00004cef      0x303 CMakeFiles/full_pico_smart_light.dir/D_/Repositories/pico/pico-sdk/src/rp2_common/pico_float/float_math.c.obj
 .debug_abbrev  0x00004ff2       0x12 CMakeFiles/full_pico_smart_light.dir/D_/Repositories/pico/pico-sdk/src/rp2_common/pico_float/float_v1_rom_shim_rp2040.S.obj
 .debug_abbrev  0x00005004       0x12 CMakeFiles/full_pico_smart_light.dir/D_/Repositories/pico/pico-sdk/src/rp2_common/pico_mem_ops/mem_ops_aeabi.S.obj
 .debug_abbrev  0x00005016       0xad CMakeFiles/full_pico_smart_light.dir/D_/Repositories/pico/pico-sdk/src/rp2_common/pico_standard_binary_info/standard_binary_info.c.obj
 .debug_abbrev  0x000050c3      0x517 CMakeFiles/full_pico_smart_light.dir/D_/Repositories/pico/pico-sdk/src/rp2_common/pico_printf/printf.c.obj
 .debug_abbrev  0x000055da       0x12 CMakeFiles/full_pico_smart_light.dir/D_/Repositories/pico/pico-sdk/src/rp2_common/pico_crt0/crt0.S.obj
 .debug_abbrev  0x000055ec      0x315 CMakeFiles/full_pico_smart_light.dir/D_/Repositories/pico/pico-sdk/src/rp2_common/pico_clib_interface/newlib_interface.c.obj
 .debug_abbrev  0x00005901      0x58d CMakeFiles/full_pico_smart_light.dir/D_/Repositories/pico/pico-sdk/src/rp2_common/pico_stdio/stdio.c.obj
 .debug_abbrev  0x00005e8e      0x43b CMakeFiles/full_pico_smart_light.dir/D_/Repositories/pico/pico-sdk/src/rp2_common/pico_stdio_uart/stdio_uart.c.obj
 .debug_abbrev  0x000062c9      0x13a CMakeFiles/full_pico_smart_light.dir/D_/Repositories/pico/pico-sdk/src/rp2_common/hardware_adc/adc.c.obj
 .debug_abbrev  0x00006403      0x4c3 CMakeFiles/full_pico_smart_light.dir/D_/Repositories/pico/pico-sdk/src/rp2_common/hardware_pio/pio.c.obj

.debug_loc      0x00000000    0x240c4
 .debug_loc     0x00000000      0x181 CMakeFiles/full_pico_smart_light.dir/src/main.cpp.obj
 .debug_loc     0x00000181      0x436 CMakeFiles/full_pico_smart_light.dir/src/LightSensor.cpp.obj
 .debug_loc     0x000005b7      0x9c3 CMakeFiles/full_pico_smart_light.dir/src/ServoController.cpp.obj
 .debug_loc     0x00000f7a      0x4a8 CMakeFiles/full_pico_smart_light.dir/src/UltrasonicSensor.cpp.obj
 .debug_loc     0x00001422     0x2501 CMakeFiles/full_pico_smart_light.dir/src/LedController.cpp.obj
 .debug_loc     0x00003923     0x291b CMakeFiles/full_pico_smart_light.dir/D_/Repositories/pico/pico-sdk/src/rp2_common/hardware_gpio/gpio.c.obj
 .debug_loc     0x0000623e      0x6c7 CMakeFiles/full_pico_smart_light.dir/D_/Repositories/pico/pico-sdk/src/common/hardware_claim/claim.c.obj
 .debug_loc     0x00006905      0x154 CMakeFiles/full_pico_smart_light.dir/D_/Repositories/pico/pico-sdk/src/rp2_common/hardware_sync/sync.c.obj
 .debug_loc     0x00006a59       0xb5 CMakeFiles/full_pico_smart_light.dir/D_/Repositories/pico/pico-sdk/src/rp2_common/hardware_sync_spin_lock/sync_spin_lock.c.obj
 .debug_loc     0x00006b0e     0x1ba4 CMakeFiles/full_pico_smart_light.dir/D_/Repositories/pico/pico-sdk/src/rp2_common/hardware_irq/irq.c.obj
 .debug_loc     0x000086b2       0x4d CMakeFiles/full_pico_smart_light.dir/D_/Repositories/pico/pico-sdk/src/common/pico_sync/lock_core.c.obj
 .debug_loc     0x000086ff     0x1b8e CMakeFiles/full_pico_smart_light.dir/D_/Repositories/pico/pico-sdk/src/common/pico_sync/mutex.c.obj
 .debug_loc     0x0000a28d     0x3f7a CMakeFiles/full_pico_smart_light.dir/D_/Repositories/pico/pico-sdk/src/common/pico_time/time.c.obj
 .debug_loc     0x0000e207     0x2542 CMakeFiles/full_pico_smart_light.dir/D_/Repositories/pico/pico-sdk/src/rp2_common/hardware_timer/timer.c.obj